Archive member included because of file (symbol)

../usbstack.a(usbhw_lpc.o)    main_custom.o (USBHwConnect)
../usbstack.a(usbcontrol.o)   main_custom.o (USBRegisterRequestHandler)
../usbstack.a(usbstdreq.o)    main_custom.o (USBRegisterDescriptors)
../usbstack.a(usbinit.o)      main_custom.o (USBInit)
/opt/cross/lib/gcc/arm-elf/4.2.1/libgcc.a(_udivsi3.o)
                              printf.o (__udivsi3)
/opt/cross/lib/gcc/arm-elf/4.2.1/libgcc.a(_umodsi3.o)
                              printf.o (__umodsi3)
/opt/cross/lib/gcc/arm-elf/4.2.1/libgcc.a(_dvmd_tls.o)
                              /opt/cross/lib/gcc/arm-elf/4.2.1/libgcc.a(_udivsi3.o) (__div0)

Memory Configuration

Name             Origin             Length             Attributes
flash            0x0000000000000000 0x0000000000080000
ram_isp_low      0x0000000040000120 0x00000000000000df a
ram              0x0000000040000200 0x0000000000007f01
ram_isp_high     0x0000000040007fe0 0x0000000000000020 a
ram_usb_dma      0x000000007fd00000 0x0000000000002000
*default*        0x0000000000000000 0xffffffffffffffff

Linker script and memory map

LOAD crt.o
LOAD halsys.o
LOAD printf.o
LOAD console.o
LOAD main_custom.o
LOAD ../usbstack.a
START GROUP
LOAD /opt/cross/lib/gcc/arm-elf/4.2.1/libgcc.a
LOAD /opt/cross/lib/gcc/arm-elf/4.2.1/../../../../arm-elf/lib/libc.a
END GROUP
                0x0000000040007edc                _stack_end = 0x40007edc
                0x0000000000000000                . = 0x0

startup
 *(.startup)

.text           0x0000000000000000     0x1ef4
 *(.text)
 .text          0x0000000000000000       0xd8 crt.o
                0x0000000000000000                _startup
                0x0000000000000040                Reset_Handler
 .text          0x00000000000000d8      0x150 halsys.o
                0x00000000000000e4                UNDEF_Routine
                0x00000000000000e0                SWI_Routine
                0x0000000000000150                HalSysGetPCLK
                0x00000000000000dc                FIQ_Routine
                0x0000000000000144                HalSysGetCCLK
                0x00000000000000e8                HalSysPinSelect
                0x00000000000000d8                IRQ_Routine
                0x00000000000001b8                HalSysInit
                0x000000000000015c                HalPinSelect
 .text          0x0000000000000228      0x45c printf.o
                0x0000000000000650                printf
                0x0000000000000618                sprintf
 .text          0x0000000000000684       0xd8 console.o
                0x00000000000006d0                putchar
                0x0000000000000684                ConsoleInit
                0x0000000000000728                puts
                0x000000000000070c                getchar
 .text          0x000000000000075c      0x1d0 main_custom.o
                0x000000000000075c                main
 .text          0x000000000000092c      0x870 ../usbstack.a(usbhw_lpc.o)
                0x0000000000000b60                USBHwEPRead
                0x0000000000000cb0                USBHwISR
                0x0000000000000fc0                USBDisableDMAForEndpoint
                0x0000000000000ad4                USBHwEPWrite
                0x0000000000000fe8                USBEnableDMAForEndpoint
                0x0000000000000bfc                USBHwISOCEPRead
                0x00000000000009f0                USBHwEPConfig
                0x0000000000000a48                USBHwSetAddress
                0x0000000000000a58                USBHwConnect
                0x0000000000000ab4                USBHwEPStall
                0x0000000000001064                USBSetHeadDDForDMA
                0x000000000000107c                USBInitializeUSBDMA
                0x00000000000010d0                USBHwRegisterDevIntHandler
                0x00000000000010fc                USBHwRegisterEPIntHandler
                0x0000000000000f48                USBSetupDMADescriptor
                0x0000000000000ca0                USBHwConfigDevice
                0x0000000000000a88                USBHwNakIntEnable
                0x0000000000000e10                USBHwInit
                0x00000000000010a4                USBHwRegisterFrameHandler
                0x0000000000000a94                USBHwEPGetStatus
                0x0000000000001010                USBInitializeISOCFrameArray
 .text          0x000000000000119c      0x350 ../usbstack.a(usbcontrol.o)
                0x000000000000131c                USBHandleControlTransfer
                0x000000000000119c                USBRegisterRequestHandler
 .text          0x00000000000014ec      0x428 ../usbstack.a(usbstdreq.o)
                0x000000000000150c                USBGetDescriptor
                0x00000000000014fc                USBRegisterCustomReqHandler
                0x00000000000014ec                USBRegisterDescriptors
                0x00000000000015dc                USBHandleStandardRequest
 .text          0x0000000000001914       0x80 ../usbstack.a(usbinit.o)
                0x0000000000001914                USBInit
 .text          0x0000000000001994      0x110 /opt/cross/lib/gcc/arm-elf/4.2.1/libgcc.a(_udivsi3.o)
                0x0000000000001994                __udivsi3
                0x0000000000001994                __aeabi_uidiv
                0x0000000000001a8c                __aeabi_uidivmod
 .text          0x0000000000001aa4       0xcc /opt/cross/lib/gcc/arm-elf/4.2.1/libgcc.a(_umodsi3.o)
                0x0000000000001aa4                __umodsi3
 .text          0x0000000000001b70        0x4 /opt/cross/lib/gcc/arm-elf/4.2.1/libgcc.a(_dvmd_tls.o)
                0x0000000000001b70                __aeabi_ldiv0
                0x0000000000001b70                __div0
                0x0000000000001b70                __aeabi_idiv0
 *(.rodata)
 .rodata        0x0000000000001b74       0x71 main_custom.o
 *fill*         0x0000000000001be5        0x3 00
 .rodata        0x0000000000001be8       0x1c ../usbstack.a(usbhw_lpc.o)
 .rodata        0x0000000000001c04       0x38 ../usbstack.a(usbcontrol.o)
 .rodata        0x0000000000001c3c       0x28 ../usbstack.a(usbstdreq.o)
 *(.rodata*)
 .rodata.str1.4
                0x0000000000001c64        0x7 printf.o
                                          0x8 (size before relaxing)
 *fill*         0x0000000000001c6b        0x1 00
 .rodata.str1.4
                0x0000000000001c6c       0x80 main_custom.o
 .rodata.str1.4
                0x0000000000001cec       0xa4 ../usbstack.a(usbhw_lpc.o)
 .rodata.str1.4
                0x0000000000001d90       0xa2 ../usbstack.a(usbcontrol.o)
                                         0xd0 (size before relaxing)
 *fill*         0x0000000000001e32        0x2 00
 .rodata.str1.4
                0x0000000000001e34       0xbb ../usbstack.a(usbstdreq.o)
                                         0xe4 (size before relaxing)
 *fill*         0x0000000000001eef        0x1 00
 .rodata.str1.4
                0x0000000000001ef0        0x4 ../usbstack.a(usbinit.o)
 *(.glue_7)
 .glue_7        0x0000000000001ef4        0x0 crt.o
 .glue_7        0x0000000000001ef4        0x0 halsys.o
 .glue_7        0x0000000000001ef4        0x0 printf.o
 .glue_7        0x0000000000001ef4        0x0 console.o
 .glue_7        0x0000000000001ef4        0x0 main_custom.o
 .glue_7        0x0000000000001ef4        0x0 ../usbstack.a(usbhw_lpc.o)
 .glue_7        0x0000000000001ef4        0x0 ../usbstack.a(usbcontrol.o)
 .glue_7        0x0000000000001ef4        0x0 ../usbstack.a(usbstdreq.o)
 .glue_7        0x0000000000001ef4        0x0 ../usbstack.a(usbinit.o)
 .glue_7        0x0000000000001ef4        0x0 /opt/cross/lib/gcc/arm-elf/4.2.1/libgcc.a(_udivsi3.o)
 .glue_7        0x0000000000001ef4        0x0 /opt/cross/lib/gcc/arm-elf/4.2.1/libgcc.a(_umodsi3.o)
 .glue_7        0x0000000000001ef4        0x0 /opt/cross/lib/gcc/arm-elf/4.2.1/libgcc.a(_dvmd_tls.o)
 *(.glue_7t)
 .glue_7t       0x0000000000001ef4        0x0 crt.o
 .glue_7t       0x0000000000001ef4        0x0 halsys.o
 .glue_7t       0x0000000000001ef4        0x0 printf.o
 .glue_7t       0x0000000000001ef4        0x0 console.o
 .glue_7t       0x0000000000001ef4        0x0 main_custom.o
 .glue_7t       0x0000000000001ef4        0x0 ../usbstack.a(usbhw_lpc.o)
 .glue_7t       0x0000000000001ef4        0x0 ../usbstack.a(usbcontrol.o)
 .glue_7t       0x0000000000001ef4        0x0 ../usbstack.a(usbstdreq.o)
 .glue_7t       0x0000000000001ef4        0x0 ../usbstack.a(usbinit.o)
 .glue_7t       0x0000000000001ef4        0x0 /opt/cross/lib/gcc/arm-elf/4.2.1/libgcc.a(_udivsi3.o)
 .glue_7t       0x0000000000001ef4        0x0 /opt/cross/lib/gcc/arm-elf/4.2.1/libgcc.a(_umodsi3.o)
 .glue_7t       0x0000000000001ef4        0x0 /opt/cross/lib/gcc/arm-elf/4.2.1/libgcc.a(_dvmd_tls.o)
                0x0000000000001ef4                _etext = .

.vfp11_veneer   0x0000000040000120        0x0
 .vfp11_veneer  0x0000000040000120        0x0 crt.o
 .vfp11_veneer  0x0000000040000120        0x0 halsys.o
 .vfp11_veneer  0x0000000040000120        0x0 printf.o
 .vfp11_veneer  0x0000000040000120        0x0 console.o
 .vfp11_veneer  0x0000000040000120        0x0 main_custom.o
 .vfp11_veneer  0x0000000040000120        0x0 ../usbstack.a(usbhw_lpc.o)
 .vfp11_veneer  0x0000000040000120        0x0 ../usbstack.a(usbcontrol.o)
 .vfp11_veneer  0x0000000040000120        0x0 ../usbstack.a(usbstdreq.o)
 .vfp11_veneer  0x0000000040000120        0x0 ../usbstack.a(usbinit.o)
 .vfp11_veneer  0x0000000040000120        0x0 /opt/cross/lib/gcc/arm-elf/4.2.1/libgcc.a(_udivsi3.o)
 .vfp11_veneer  0x0000000040000120        0x0 /opt/cross/lib/gcc/arm-elf/4.2.1/libgcc.a(_umodsi3.o)
 .vfp11_veneer  0x0000000040000120        0x0 /opt/cross/lib/gcc/arm-elf/4.2.1/libgcc.a(_dvmd_tls.o)

.v4_bx          0x0000000040000120        0x0
 .v4_bx         0x0000000040000120        0x0 crt.o
 .v4_bx         0x0000000040000120        0x0 halsys.o
 .v4_bx         0x0000000040000120        0x0 printf.o
 .v4_bx         0x0000000040000120        0x0 console.o
 .v4_bx         0x0000000040000120        0x0 main_custom.o
 .v4_bx         0x0000000040000120        0x0 ../usbstack.a(usbhw_lpc.o)
 .v4_bx         0x0000000040000120        0x0 ../usbstack.a(usbcontrol.o)
 .v4_bx         0x0000000040000120        0x0 ../usbstack.a(usbstdreq.o)
 .v4_bx         0x0000000040000120        0x0 ../usbstack.a(usbinit.o)
 .v4_bx         0x0000000040000120        0x0 /opt/cross/lib/gcc/arm-elf/4.2.1/libgcc.a(_udivsi3.o)
 .v4_bx         0x0000000040000120        0x0 /opt/cross/lib/gcc/arm-elf/4.2.1/libgcc.a(_umodsi3.o)
 .v4_bx         0x0000000040000120        0x0 /opt/cross/lib/gcc/arm-elf/4.2.1/libgcc.a(_dvmd_tls.o)

.usbdma         0x000000007fd00000        0x0
 *(.usbdma)
                0x000000007fd00000                . = ALIGN (0x4)

.data           0x0000000040000200        0x0 load address 0x0000000000001ef4
                0x0000000040000200                _data = .
 *(.data)
 .data          0x0000000040000200        0x0 crt.o
 .data          0x0000000040000200        0x0 halsys.o
 .data          0x0000000040000200        0x0 printf.o
 .data          0x0000000040000200        0x0 console.o
 .data          0x0000000040000200        0x0 main_custom.o
 .data          0x0000000040000200        0x0 ../usbstack.a(usbhw_lpc.o)
 .data          0x0000000040000200        0x0 ../usbstack.a(usbcontrol.o)
 .data          0x0000000040000200        0x0 ../usbstack.a(usbstdreq.o)
 .data          0x0000000040000200        0x0 ../usbstack.a(usbinit.o)
 .data          0x0000000040000200        0x0 /opt/cross/lib/gcc/arm-elf/4.2.1/libgcc.a(_udivsi3.o)
 .data          0x0000000040000200        0x0 /opt/cross/lib/gcc/arm-elf/4.2.1/libgcc.a(_umodsi3.o)
 .data          0x0000000040000200        0x0 /opt/cross/lib/gcc/arm-elf/4.2.1/libgcc.a(_dvmd_tls.o)
                0x0000000040000200                _edata = .

.bss            0x0000000040000200       0xa0
                0x0000000040000200                _bss_start = .
 *(.bss)
 .bss           0x0000000040000200        0x0 crt.o
 .bss           0x0000000040000200        0x0 halsys.o
 .bss           0x0000000040000200        0x0 printf.o
 .bss           0x0000000040000200        0x0 console.o
 .bss           0x0000000040000200       0x10 main_custom.o
 .bss           0x0000000040000210       0x48 ../usbstack.a(usbhw_lpc.o)
 .bss           0x0000000040000258       0x34 ../usbstack.a(usbcontrol.o)
 .bss           0x000000004000028c        0xc ../usbstack.a(usbstdreq.o)
 .bss           0x0000000040000298        0x8 ../usbstack.a(usbinit.o)
 .bss           0x00000000400002a0        0x0 /opt/cross/lib/gcc/arm-elf/4.2.1/libgcc.a(_udivsi3.o)
 .bss           0x00000000400002a0        0x0 /opt/cross/lib/gcc/arm-elf/4.2.1/libgcc.a(_umodsi3.o)
 .bss           0x00000000400002a0        0x0 /opt/cross/lib/gcc/arm-elf/4.2.1/libgcc.a(_dvmd_tls.o)
                0x00000000400002a0                . = ALIGN (0x4)
                0x00000000400002a0                _bss_end = .
                0x00000000400002a0                _end = .
OUTPUT(custom.elf elf32-littlearm)

.ARM.attributes
                0x0000000000000000       0x10
 .ARM.attributes
                0x0000000000000000       0x10 crt.o
 .ARM.attributes
                0x0000000000000010       0x10 halsys.o
 .ARM.attributes
                0x0000000000000020       0x10 printf.o
 .ARM.attributes
                0x0000000000000030       0x10 console.o
 .ARM.attributes
                0x0000000000000040       0x10 main_custom.o
 .ARM.attributes
                0x0000000000000050       0x10 ../usbstack.a(usbhw_lpc.o)
 .ARM.attributes
                0x0000000000000060       0x10 ../usbstack.a(usbcontrol.o)
 .ARM.attributes
                0x0000000000000070       0x10 ../usbstack.a(usbstdreq.o)
 .ARM.attributes
                0x0000000000000080       0x10 ../usbstack.a(usbinit.o)
 .ARM.attributes
                0x0000000000000090       0x10 /opt/cross/lib/gcc/arm-elf/4.2.1/libgcc.a(_udivsi3.o)
 .ARM.attributes
                0x00000000000000a0       0x10 /opt/cross/lib/gcc/arm-elf/4.2.1/libgcc.a(_umodsi3.o)
 .ARM.attributes
                0x00000000000000b0       0x10 /opt/cross/lib/gcc/arm-elf/4.2.1/libgcc.a(_dvmd_tls.o)

.debug_abbrev   0x0000000000000000      0xb02
 .debug_abbrev  0x0000000000000000       0xc9 halsys.o
 .debug_abbrev  0x00000000000000c9      0x158 printf.o
 .debug_abbrev  0x0000000000000221       0xb8 console.o
 .debug_abbrev  0x00000000000002d9      0x117 main_custom.o
 .debug_abbrev  0x00000000000003f0      0x295 ../usbstack.a(usbhw_lpc.o)
 .debug_abbrev  0x0000000000000685      0x152 ../usbstack.a(usbcontrol.o)
 .debug_abbrev  0x00000000000007d7      0x246 ../usbstack.a(usbstdreq.o)
 .debug_abbrev  0x0000000000000a1d       0xa9 ../usbstack.a(usbinit.o)
 .debug_abbrev  0x0000000000000ac6       0x14 /opt/cross/lib/gcc/arm-elf/4.2.1/libgcc.a(_udivsi3.o)
 .debug_abbrev  0x0000000000000ada       0x14 /opt/cross/lib/gcc/arm-elf/4.2.1/libgcc.a(_umodsi3.o)
 .debug_abbrev  0x0000000000000aee       0x14 /opt/cross/lib/gcc/arm-elf/4.2.1/libgcc.a(_dvmd_tls.o)

.debug_info     0x0000000000000000     0x1bbd
 .debug_info    0x0000000000000000      0x174 halsys.o
 .debug_info    0x0000000000000174      0x352 printf.o
 .debug_info    0x00000000000004c6       0xd2 console.o
 .debug_info    0x0000000000000598      0x26a main_custom.o
 .debug_info    0x0000000000000802      0x8d2 ../usbstack.a(usbhw_lpc.o)
 .debug_info    0x00000000000010d4      0x33b ../usbstack.a(usbcontrol.o)
 .debug_info    0x000000000000140f      0x4ba ../usbstack.a(usbstdreq.o)
 .debug_info    0x00000000000018c9       0xba ../usbstack.a(usbinit.o)
 .debug_info    0x0000000000001983       0xbe /opt/cross/lib/gcc/arm-elf/4.2.1/libgcc.a(_udivsi3.o)
 .debug_info    0x0000000000001a41       0xbe /opt/cross/lib/gcc/arm-elf/4.2.1/libgcc.a(_umodsi3.o)
 .debug_info    0x0000000000001aff       0xbe /opt/cross/lib/gcc/arm-elf/4.2.1/libgcc.a(_dvmd_tls.o)

.debug_line     0x0000000000000000      0x8d2
 .debug_line    0x0000000000000000       0xa0 halsys.o
 .debug_line    0x00000000000000a0      0x100 printf.o
 .debug_line    0x00000000000001a0       0x61 console.o
 .debug_line    0x0000000000000201       0xa1 main_custom.o
 .debug_line    0x00000000000002a2      0x231 ../usbstack.a(usbhw_lpc.o)
 .debug_line    0x00000000000004d3       0xd2 ../usbstack.a(usbcontrol.o)
 .debug_line    0x00000000000005a5      0x109 ../usbstack.a(usbstdreq.o)
 .debug_line    0x00000000000006ae       0x57 ../usbstack.a(usbinit.o)
 .debug_line    0x0000000000000705       0xb0 /opt/cross/lib/gcc/arm-elf/4.2.1/libgcc.a(_udivsi3.o)
 .debug_line    0x00000000000007b5       0x99 /opt/cross/lib/gcc/arm-elf/4.2.1/libgcc.a(_umodsi3.o)
 .debug_line    0x000000000000084e       0x84 /opt/cross/lib/gcc/arm-elf/4.2.1/libgcc.a(_dvmd_tls.o)

.debug_frame    0x0000000000000000      0x5e8
 .debug_frame   0x0000000000000000       0xa0 halsys.o
 .debug_frame   0x00000000000000a0       0xd8 printf.o
 .debug_frame   0x0000000000000178       0x58 console.o
 .debug_frame   0x00000000000001d0       0x78 main_custom.o
 .debug_frame   0x0000000000000248      0x20c ../usbstack.a(usbhw_lpc.o)
 .debug_frame   0x0000000000000454       0x98 ../usbstack.a(usbcontrol.o)
 .debug_frame   0x00000000000004ec       0x74 ../usbstack.a(usbstdreq.o)
 .debug_frame   0x0000000000000560       0x38 ../usbstack.a(usbinit.o)
 .debug_frame   0x0000000000000598       0x28 /opt/cross/lib/gcc/arm-elf/4.2.1/libgcc.a(_udivsi3.o)
 .debug_frame   0x00000000000005c0       0x28 /opt/cross/lib/gcc/arm-elf/4.2.1/libgcc.a(_umodsi3.o)

.debug_loc      0x0000000000000000     0x1432
 .debug_loc     0x0000000000000000       0x8e halsys.o
 .debug_loc     0x000000000000008e      0x5e4 printf.o
 .debug_loc     0x0000000000000672       0x63 console.o
 .debug_loc     0x00000000000006d5      0x174 main_custom.o
 .debug_loc     0x0000000000000849      0x5ed ../usbstack.a(usbhw_lpc.o)
 .debug_loc     0x0000000000000e36      0x297 ../usbstack.a(usbcontrol.o)
 .debug_loc     0x00000000000010cd      0x333 ../usbstack.a(usbstdreq.o)
 .debug_loc     0x0000000000001400       0x32 ../usbstack.a(usbinit.o)

.debug_pubnames
                0x0000000000000000      0x405
 .debug_pubnames
                0x0000000000000000       0xac halsys.o
 .debug_pubnames
                0x00000000000000ac       0x29 printf.o
 .debug_pubnames
                0x00000000000000d5       0x43 console.o
 .debug_pubnames
                0x0000000000000118       0x1b main_custom.o
 .debug_pubnames
                0x0000000000000133      0x1e8 ../usbstack.a(usbhw_lpc.o)
 .debug_pubnames
                0x000000000000031b       0x4d ../usbstack.a(usbcontrol.o)
 .debug_pubnames
                0x0000000000000368       0x7f ../usbstack.a(usbstdreq.o)
 .debug_pubnames
                0x00000000000003e7       0x1e ../usbstack.a(usbinit.o)

.debug_aranges  0x0000000000000000      0x160
 .debug_aranges
                0x0000000000000000       0x20 halsys.o
 .debug_aranges
                0x0000000000000020       0x20 printf.o
 .debug_aranges
                0x0000000000000040       0x20 console.o
 .debug_aranges
                0x0000000000000060       0x20 main_custom.o
 .debug_aranges
                0x0000000000000080       0x20 ../usbstack.a(usbhw_lpc.o)
 .debug_aranges
                0x00000000000000a0       0x20 ../usbstack.a(usbcontrol.o)
 .debug_aranges
                0x00000000000000c0       0x20 ../usbstack.a(usbstdreq.o)
 .debug_aranges
                0x00000000000000e0       0x20 ../usbstack.a(usbinit.o)
 .debug_aranges
                0x0000000000000100       0x20 /opt/cross/lib/gcc/arm-elf/4.2.1/libgcc.a(_udivsi3.o)
 .debug_aranges
                0x0000000000000120       0x20 /opt/cross/lib/gcc/arm-elf/4.2.1/libgcc.a(_umodsi3.o)
 .debug_aranges
                0x0000000000000140       0x20 /opt/cross/lib/gcc/arm-elf/4.2.1/libgcc.a(_dvmd_tls.o)

.debug_ranges   0x0000000000000000      0x130
 .debug_ranges  0x0000000000000000       0x30 halsys.o
 .debug_ranges  0x0000000000000030       0x80 ../usbstack.a(usbhw_lpc.o)
 .debug_ranges  0x00000000000000b0       0x80 ../usbstack.a(usbstdreq.o)

.debug_str      0x0000000000000000      0x8f0
 .debug_str     0x0000000000000000       0xff halsys.o
                                        0x10c (size before relaxing)
 .debug_str     0x00000000000000ff       0x83 printf.o
                                         0xf3 (size before relaxing)
 .debug_str     0x0000000000000182       0x34 console.o
                                         0x88 (size before relaxing)
 .debug_str     0x00000000000001b6       0xd4 main_custom.o
                                        0x171 (size before relaxing)
 .debug_str     0x000000000000028a      0x429 ../usbstack.a(usbhw_lpc.o)
                                        0x478 (size before relaxing)
 .debug_str     0x00000000000006b3       0xa4 ../usbstack.a(usbcontrol.o)
                                        0x1b6 (size before relaxing)
 .debug_str     0x0000000000000757      0x160 ../usbstack.a(usbstdreq.o)
                                        0x25d (size before relaxing)
 .debug_str     0x00000000000008b7       0x39 ../usbstack.a(usbinit.o)
                                         0xb2 (size before relaxing)

.comment        0x0000000000000000       0x90
 .comment       0x0000000000000000       0x12 halsys.o
 .comment       0x0000000000000012       0x12 printf.o
 .comment       0x0000000000000024       0x12 console.o
 .comment       0x0000000000000036       0x12 main_custom.o
 .comment       0x0000000000000048       0x12 ../usbstack.a(usbhw_lpc.o)
 .comment       0x000000000000005a       0x12 ../usbstack.a(usbcontrol.o)
 .comment       0x000000000000006c       0x12 ../usbstack.a(usbstdreq.o)
 .comment       0x000000000000007e       0x12 ../usbstack.a(usbinit.o)
