Archive member included because of file (symbol)

../usbstack.a(usbhw_lpc.o)    main_hid.o (USBHwConnect)
../usbstack.a(usbcontrol.o)   main_hid.o (USBRegisterRequestHandler)
../usbstack.a(usbstdreq.o)    main_hid.o (USBRegisterDescriptors)
../usbstack.a(usbinit.o)      main_hid.o (USBInit)
/opt/cross/lib/gcc/arm-elf/4.2.1/libgcc.a(_udivsi3.o)
                              printf.o (__udivsi3)
/opt/cross/lib/gcc/arm-elf/4.2.1/libgcc.a(_umodsi3.o)
                              printf.o (__umodsi3)
/opt/cross/lib/gcc/arm-elf/4.2.1/libgcc.a(_dvmd_tls.o)
                              /opt/cross/lib/gcc/arm-elf/4.2.1/libgcc.a(_udivsi3.o) (__div0)

Memory Configuration

Name             Origin             Length             Attributes
flash            0x0000000000000000 0x0000000000080000
ram_isp_low      0x0000000040000120 0x00000000000000df a
ram              0x0000000040000200 0x0000000000007f01
ram_isp_high     0x0000000040007fe0 0x0000000000000020 a
ram_usb_dma      0x000000007fd00000 0x0000000000002000
*default*        0x0000000000000000 0xffffffffffffffff

Linker script and memory map

LOAD crt.o
LOAD halsys.o
LOAD printf.o
LOAD console.o
LOAD main_hid.o
LOAD ../usbstack.a
START GROUP
LOAD /opt/cross/lib/gcc/arm-elf/4.2.1/libgcc.a
LOAD /opt/cross/lib/gcc/arm-elf/4.2.1/../../../../arm-elf/lib/libc.a
END GROUP
                0x0000000040007edc                _stack_end = 0x40007edc
                0x0000000000000000                . = 0x0

startup
 *(.startup)

.text           0x0000000000000000     0x1f20
 *(.text)
 .text          0x0000000000000000       0xd8 crt.o
                0x0000000000000000                _startup
                0x0000000000000040                Reset_Handler
 .text          0x00000000000000d8      0x150 halsys.o
                0x00000000000000e4                UNDEF_Routine
                0x00000000000000e0                SWI_Routine
                0x0000000000000150                HalSysGetPCLK
                0x00000000000000dc                FIQ_Routine
                0x0000000000000144                HalSysGetCCLK
                0x00000000000000e8                HalSysPinSelect
                0x00000000000000d8                IRQ_Routine
                0x00000000000001b8                HalSysInit
                0x000000000000015c                HalPinSelect
 .text          0x0000000000000228      0x45c printf.o
                0x0000000000000650                printf
                0x0000000000000618                sprintf
 .text          0x0000000000000684       0xd8 console.o
                0x00000000000006d0                putchar
                0x0000000000000684                ConsoleInit
                0x0000000000000728                puts
                0x000000000000070c                getchar
 .text          0x000000000000075c      0x204 main_hid.o
                0x000000000000075c                main
 .text          0x0000000000000960      0x870 ../usbstack.a(usbhw_lpc.o)
                0x0000000000000b94                USBHwEPRead
                0x0000000000000ce4                USBHwISR
                0x0000000000000ff4                USBDisableDMAForEndpoint
                0x0000000000000b08                USBHwEPWrite
                0x000000000000101c                USBEnableDMAForEndpoint
                0x0000000000000c30                USBHwISOCEPRead
                0x0000000000000a24                USBHwEPConfig
                0x0000000000000a7c                USBHwSetAddress
                0x0000000000000a8c                USBHwConnect
                0x0000000000000ae8                USBHwEPStall
                0x0000000000001098                USBSetHeadDDForDMA
                0x00000000000010b0                USBInitializeUSBDMA
                0x0000000000001104                USBHwRegisterDevIntHandler
                0x0000000000001130                USBHwRegisterEPIntHandler
                0x0000000000000f7c                USBSetupDMADescriptor
                0x0000000000000cd4                USBHwConfigDevice
                0x0000000000000abc                USBHwNakIntEnable
                0x0000000000000e44                USBHwInit
                0x00000000000010d8                USBHwRegisterFrameHandler
                0x0000000000000ac8                USBHwEPGetStatus
                0x0000000000001044                USBInitializeISOCFrameArray
 .text          0x00000000000011d0      0x350 ../usbstack.a(usbcontrol.o)
                0x0000000000001350                USBHandleControlTransfer
                0x00000000000011d0                USBRegisterRequestHandler
 .text          0x0000000000001520      0x428 ../usbstack.a(usbstdreq.o)
                0x0000000000001540                USBGetDescriptor
                0x0000000000001530                USBRegisterCustomReqHandler
                0x0000000000001520                USBRegisterDescriptors
                0x0000000000001610                USBHandleStandardRequest
 .text          0x0000000000001948       0x80 ../usbstack.a(usbinit.o)
                0x0000000000001948                USBInit
 .text          0x00000000000019c8      0x110 /opt/cross/lib/gcc/arm-elf/4.2.1/libgcc.a(_udivsi3.o)
                0x00000000000019c8                __udivsi3
                0x00000000000019c8                __aeabi_uidiv
                0x0000000000001ac0                __aeabi_uidivmod
 .text          0x0000000000001ad8       0xcc /opt/cross/lib/gcc/arm-elf/4.2.1/libgcc.a(_umodsi3.o)
                0x0000000000001ad8                __umodsi3
 .text          0x0000000000001ba4        0x4 /opt/cross/lib/gcc/arm-elf/4.2.1/libgcc.a(_dvmd_tls.o)
                0x0000000000001ba4                __aeabi_ldiv0
                0x0000000000001ba4                __div0
                0x0000000000001ba4                __aeabi_idiv0
 *(.rodata)
 .rodata        0x0000000000001ba8       0x6b main_hid.o
 *fill*         0x0000000000001c13        0x1 00
 .rodata        0x0000000000001c14       0x1c ../usbstack.a(usbhw_lpc.o)
 .rodata        0x0000000000001c30       0x38 ../usbstack.a(usbcontrol.o)
 .rodata        0x0000000000001c68       0x28 ../usbstack.a(usbstdreq.o)
 *(.rodata*)
 .rodata.str1.4
                0x0000000000001c90        0x7 printf.o
                                          0x8 (size before relaxing)
 *fill*         0x0000000000001c97        0x1 00
 .rodata.str1.4
                0x0000000000001c98       0x80 main_hid.o
 .rodata.str1.4
                0x0000000000001d18       0xa4 ../usbstack.a(usbhw_lpc.o)
 .rodata.str1.4
                0x0000000000001dbc       0xa2 ../usbstack.a(usbcontrol.o)
                                         0xd0 (size before relaxing)
 *fill*         0x0000000000001e5e        0x2 00
 .rodata.str1.4
                0x0000000000001e60       0xbb ../usbstack.a(usbstdreq.o)
                                         0xe4 (size before relaxing)
 *fill*         0x0000000000001f1b        0x1 00
 .rodata.str1.4
                0x0000000000001f1c        0x4 ../usbstack.a(usbinit.o)
 *(.glue_7)
 .glue_7        0x0000000000001f20        0x0 crt.o
 .glue_7        0x0000000000001f20        0x0 halsys.o
 .glue_7        0x0000000000001f20        0x0 printf.o
 .glue_7        0x0000000000001f20        0x0 console.o
 .glue_7        0x0000000000001f20        0x0 main_hid.o
 .glue_7        0x0000000000001f20        0x0 ../usbstack.a(usbhw_lpc.o)
 .glue_7        0x0000000000001f20        0x0 ../usbstack.a(usbcontrol.o)
 .glue_7        0x0000000000001f20        0x0 ../usbstack.a(usbstdreq.o)
 .glue_7        0x0000000000001f20        0x0 ../usbstack.a(usbinit.o)
 .glue_7        0x0000000000001f20        0x0 /opt/cross/lib/gcc/arm-elf/4.2.1/libgcc.a(_udivsi3.o)
 .glue_7        0x0000000000001f20        0x0 /opt/cross/lib/gcc/arm-elf/4.2.1/libgcc.a(_umodsi3.o)
 .glue_7        0x0000000000001f20        0x0 /opt/cross/lib/gcc/arm-elf/4.2.1/libgcc.a(_dvmd_tls.o)
 *(.glue_7t)
 .glue_7t       0x0000000000001f20        0x0 crt.o
 .glue_7t       0x0000000000001f20        0x0 halsys.o
 .glue_7t       0x0000000000001f20        0x0 printf.o
 .glue_7t       0x0000000000001f20        0x0 console.o
 .glue_7t       0x0000000000001f20        0x0 main_hid.o
 .glue_7t       0x0000000000001f20        0x0 ../usbstack.a(usbhw_lpc.o)
 .glue_7t       0x0000000000001f20        0x0 ../usbstack.a(usbcontrol.o)
 .glue_7t       0x0000000000001f20        0x0 ../usbstack.a(usbstdreq.o)
 .glue_7t       0x0000000000001f20        0x0 ../usbstack.a(usbinit.o)
 .glue_7t       0x0000000000001f20        0x0 /opt/cross/lib/gcc/arm-elf/4.2.1/libgcc.a(_udivsi3.o)
 .glue_7t       0x0000000000001f20        0x0 /opt/cross/lib/gcc/arm-elf/4.2.1/libgcc.a(_umodsi3.o)
 .glue_7t       0x0000000000001f20        0x0 /opt/cross/lib/gcc/arm-elf/4.2.1/libgcc.a(_dvmd_tls.o)
                0x0000000000001f20                _etext = .

.vfp11_veneer   0x0000000040000120        0x0
 .vfp11_veneer  0x0000000040000120        0x0 crt.o
 .vfp11_veneer  0x0000000040000120        0x0 halsys.o
 .vfp11_veneer  0x0000000040000120        0x0 printf.o
 .vfp11_veneer  0x0000000040000120        0x0 console.o
 .vfp11_veneer  0x0000000040000120        0x0 main_hid.o
 .vfp11_veneer  0x0000000040000120        0x0 ../usbstack.a(usbhw_lpc.o)
 .vfp11_veneer  0x0000000040000120        0x0 ../usbstack.a(usbcontrol.o)
 .vfp11_veneer  0x0000000040000120        0x0 ../usbstack.a(usbstdreq.o)
 .vfp11_veneer  0x0000000040000120        0x0 ../usbstack.a(usbinit.o)
 .vfp11_veneer  0x0000000040000120        0x0 /opt/cross/lib/gcc/arm-elf/4.2.1/libgcc.a(_udivsi3.o)
 .vfp11_veneer  0x0000000040000120        0x0 /opt/cross/lib/gcc/arm-elf/4.2.1/libgcc.a(_umodsi3.o)
 .vfp11_veneer  0x0000000040000120        0x0 /opt/cross/lib/gcc/arm-elf/4.2.1/libgcc.a(_dvmd_tls.o)

.v4_bx          0x0000000040000120        0x0
 .v4_bx         0x0000000040000120        0x0 crt.o
 .v4_bx         0x0000000040000120        0x0 halsys.o
 .v4_bx         0x0000000040000120        0x0 printf.o
 .v4_bx         0x0000000040000120        0x0 console.o
 .v4_bx         0x0000000040000120        0x0 main_hid.o
 .v4_bx         0x0000000040000120        0x0 ../usbstack.a(usbhw_lpc.o)
 .v4_bx         0x0000000040000120        0x0 ../usbstack.a(usbcontrol.o)
 .v4_bx         0x0000000040000120        0x0 ../usbstack.a(usbstdreq.o)
 .v4_bx         0x0000000040000120        0x0 ../usbstack.a(usbinit.o)
 .v4_bx         0x0000000040000120        0x0 /opt/cross/lib/gcc/arm-elf/4.2.1/libgcc.a(_udivsi3.o)
 .v4_bx         0x0000000040000120        0x0 /opt/cross/lib/gcc/arm-elf/4.2.1/libgcc.a(_umodsi3.o)
 .v4_bx         0x0000000040000120        0x0 /opt/cross/lib/gcc/arm-elf/4.2.1/libgcc.a(_dvmd_tls.o)

.usbdma         0x000000007fd00000        0x0
 *(.usbdma)
                0x000000007fd00000                . = ALIGN (0x4)

.data           0x0000000040000200       0x55 load address 0x0000000000001f20
                0x0000000040000200                _data = .
 *(.data)
 .data          0x0000000040000200        0x0 crt.o
 .data          0x0000000040000200        0x0 halsys.o
 .data          0x0000000040000200        0x0 printf.o
 .data          0x0000000040000200        0x0 console.o
 .data          0x0000000040000200       0x55 main_hid.o
 .data          0x0000000040000255        0x0 ../usbstack.a(usbhw_lpc.o)
 .data          0x0000000040000255        0x0 ../usbstack.a(usbcontrol.o)
 .data          0x0000000040000255        0x0 ../usbstack.a(usbstdreq.o)
 .data          0x0000000040000255        0x0 ../usbstack.a(usbinit.o)
 .data          0x0000000040000255        0x0 /opt/cross/lib/gcc/arm-elf/4.2.1/libgcc.a(_udivsi3.o)
 .data          0x0000000040000255        0x0 /opt/cross/lib/gcc/arm-elf/4.2.1/libgcc.a(_umodsi3.o)
 .data          0x0000000040000255        0x0 /opt/cross/lib/gcc/arm-elf/4.2.1/libgcc.a(_dvmd_tls.o)
                0x0000000040000255                _edata = .

.bss            0x0000000040000258       0xa0
                0x0000000040000258                _bss_start = .
 *(.bss)
 .bss           0x0000000040000258        0x0 crt.o
 .bss           0x0000000040000258        0x0 halsys.o
 .bss           0x0000000040000258        0x0 printf.o
 .bss           0x0000000040000258        0x0 console.o
 .bss           0x0000000040000258       0x10 main_hid.o
 .bss           0x0000000040000268       0x48 ../usbstack.a(usbhw_lpc.o)
 .bss           0x00000000400002b0       0x34 ../usbstack.a(usbcontrol.o)
 .bss           0x00000000400002e4        0xc ../usbstack.a(usbstdreq.o)
 .bss           0x00000000400002f0        0x8 ../usbstack.a(usbinit.o)
 .bss           0x00000000400002f8        0x0 /opt/cross/lib/gcc/arm-elf/4.2.1/libgcc.a(_udivsi3.o)
 .bss           0x00000000400002f8        0x0 /opt/cross/lib/gcc/arm-elf/4.2.1/libgcc.a(_umodsi3.o)
 .bss           0x00000000400002f8        0x0 /opt/cross/lib/gcc/arm-elf/4.2.1/libgcc.a(_dvmd_tls.o)
                0x00000000400002f8                . = ALIGN (0x4)
                0x00000000400002f8                _bss_end = .
                0x00000000400002f8                _end = .
OUTPUT(hid.elf elf32-littlearm)

.ARM.attributes
                0x0000000000000000       0x10
 .ARM.attributes
                0x0000000000000000       0x10 crt.o
 .ARM.attributes
                0x0000000000000010       0x10 halsys.o
 .ARM.attributes
                0x0000000000000020       0x10 printf.o
 .ARM.attributes
                0x0000000000000030       0x10 console.o
 .ARM.attributes
                0x0000000000000040       0x10 main_hid.o
 .ARM.attributes
                0x0000000000000050       0x10 ../usbstack.a(usbhw_lpc.o)
 .ARM.attributes
                0x0000000000000060       0x10 ../usbstack.a(usbcontrol.o)
 .ARM.attributes
                0x0000000000000070       0x10 ../usbstack.a(usbstdreq.o)
 .ARM.attributes
                0x0000000000000080       0x10 ../usbstack.a(usbinit.o)
 .ARM.attributes
                0x0000000000000090       0x10 /opt/cross/lib/gcc/arm-elf/4.2.1/libgcc.a(_udivsi3.o)
 .ARM.attributes
                0x00000000000000a0       0x10 /opt/cross/lib/gcc/arm-elf/4.2.1/libgcc.a(_umodsi3.o)
 .ARM.attributes
                0x00000000000000b0       0x10 /opt/cross/lib/gcc/arm-elf/4.2.1/libgcc.a(_dvmd_tls.o)

.debug_abbrev   0x0000000000000000      0xae4
 .debug_abbrev  0x0000000000000000       0xc9 halsys.o
 .debug_abbrev  0x00000000000000c9      0x158 printf.o
 .debug_abbrev  0x0000000000000221       0xb8 console.o
 .debug_abbrev  0x00000000000002d9       0xf9 main_hid.o
 .debug_abbrev  0x00000000000003d2      0x295 ../usbstack.a(usbhw_lpc.o)
 .debug_abbrev  0x0000000000000667      0x152 ../usbstack.a(usbcontrol.o)
 .debug_abbrev  0x00000000000007b9      0x246 ../usbstack.a(usbstdreq.o)
 .debug_abbrev  0x00000000000009ff       0xa9 ../usbstack.a(usbinit.o)
 .debug_abbrev  0x0000000000000aa8       0x14 /opt/cross/lib/gcc/arm-elf/4.2.1/libgcc.a(_udivsi3.o)
 .debug_abbrev  0x0000000000000abc       0x14 /opt/cross/lib/gcc/arm-elf/4.2.1/libgcc.a(_umodsi3.o)
 .debug_abbrev  0x0000000000000ad0       0x14 /opt/cross/lib/gcc/arm-elf/4.2.1/libgcc.a(_dvmd_tls.o)

.debug_info     0x0000000000000000     0x1bdf
 .debug_info    0x0000000000000000      0x174 halsys.o
 .debug_info    0x0000000000000174      0x352 printf.o
 .debug_info    0x00000000000004c6       0xd2 console.o
 .debug_info    0x0000000000000598      0x28c main_hid.o
 .debug_info    0x0000000000000824      0x8d2 ../usbstack.a(usbhw_lpc.o)
 .debug_info    0x00000000000010f6      0x33b ../usbstack.a(usbcontrol.o)
 .debug_info    0x0000000000001431      0x4ba ../usbstack.a(usbstdreq.o)
 .debug_info    0x00000000000018eb       0xba ../usbstack.a(usbinit.o)
 .debug_info    0x00000000000019a5       0xbe /opt/cross/lib/gcc/arm-elf/4.2.1/libgcc.a(_udivsi3.o)
 .debug_info    0x0000000000001a63       0xbe /opt/cross/lib/gcc/arm-elf/4.2.1/libgcc.a(_umodsi3.o)
 .debug_info    0x0000000000001b21       0xbe /opt/cross/lib/gcc/arm-elf/4.2.1/libgcc.a(_dvmd_tls.o)

.debug_line     0x0000000000000000      0x8cb
 .debug_line    0x0000000000000000       0xa0 halsys.o
 .debug_line    0x00000000000000a0      0x100 printf.o
 .debug_line    0x00000000000001a0       0x61 console.o
 .debug_line    0x0000000000000201       0x9a main_hid.o
 .debug_line    0x000000000000029b      0x231 ../usbstack.a(usbhw_lpc.o)
 .debug_line    0x00000000000004cc       0xd2 ../usbstack.a(usbcontrol.o)
 .debug_line    0x000000000000059e      0x109 ../usbstack.a(usbstdreq.o)
 .debug_line    0x00000000000006a7       0x57 ../usbstack.a(usbinit.o)
 .debug_line    0x00000000000006fe       0xb0 /opt/cross/lib/gcc/arm-elf/4.2.1/libgcc.a(_udivsi3.o)
 .debug_line    0x00000000000007ae       0x99 /opt/cross/lib/gcc/arm-elf/4.2.1/libgcc.a(_umodsi3.o)
 .debug_line    0x0000000000000847       0x84 /opt/cross/lib/gcc/arm-elf/4.2.1/libgcc.a(_dvmd_tls.o)

.debug_frame    0x0000000000000000      0x5e8
 .debug_frame   0x0000000000000000       0xa0 halsys.o
 .debug_frame   0x00000000000000a0       0xd8 printf.o
 .debug_frame   0x0000000000000178       0x58 console.o
 .debug_frame   0x00000000000001d0       0x78 main_hid.o
 .debug_frame   0x0000000000000248      0x20c ../usbstack.a(usbhw_lpc.o)
 .debug_frame   0x0000000000000454       0x98 ../usbstack.a(usbcontrol.o)
 .debug_frame   0x00000000000004ec       0x74 ../usbstack.a(usbstdreq.o)
 .debug_frame   0x0000000000000560       0x38 ../usbstack.a(usbinit.o)
 .debug_frame   0x0000000000000598       0x28 /opt/cross/lib/gcc/arm-elf/4.2.1/libgcc.a(_udivsi3.o)
 .debug_frame   0x00000000000005c0       0x28 /opt/cross/lib/gcc/arm-elf/4.2.1/libgcc.a(_umodsi3.o)

.debug_loc      0x0000000000000000     0x1417
 .debug_loc     0x0000000000000000       0x8e halsys.o
 .debug_loc     0x000000000000008e      0x5e4 printf.o
 .debug_loc     0x0000000000000672       0x63 console.o
 .debug_loc     0x00000000000006d5      0x159 main_hid.o
 .debug_loc     0x000000000000082e      0x5ed ../usbstack.a(usbhw_lpc.o)
 .debug_loc     0x0000000000000e1b      0x297 ../usbstack.a(usbcontrol.o)
 .debug_loc     0x00000000000010b2      0x333 ../usbstack.a(usbstdreq.o)
 .debug_loc     0x00000000000013e5       0x32 ../usbstack.a(usbinit.o)

.debug_pubnames
                0x0000000000000000      0x405
 .debug_pubnames
                0x0000000000000000       0xac halsys.o
 .debug_pubnames
                0x00000000000000ac       0x29 printf.o
 .debug_pubnames
                0x00000000000000d5       0x43 console.o
 .debug_pubnames
                0x0000000000000118       0x1b main_hid.o
 .debug_pubnames
                0x0000000000000133      0x1e8 ../usbstack.a(usbhw_lpc.o)
 .debug_pubnames
                0x000000000000031b       0x4d ../usbstack.a(usbcontrol.o)
 .debug_pubnames
                0x0000000000000368       0x7f ../usbstack.a(usbstdreq.o)
 .debug_pubnames
                0x00000000000003e7       0x1e ../usbstack.a(usbinit.o)

.debug_aranges  0x0000000000000000      0x160
 .debug_aranges
                0x0000000000000000       0x20 halsys.o
 .debug_aranges
                0x0000000000000020       0x20 printf.o
 .debug_aranges
                0x0000000000000040       0x20 console.o
 .debug_aranges
                0x0000000000000060       0x20 main_hid.o
 .debug_aranges
                0x0000000000000080       0x20 ../usbstack.a(usbhw_lpc.o)
 .debug_aranges
                0x00000000000000a0       0x20 ../usbstack.a(usbcontrol.o)
 .debug_aranges
                0x00000000000000c0       0x20 ../usbstack.a(usbstdreq.o)
 .debug_aranges
                0x00000000000000e0       0x20 ../usbstack.a(usbinit.o)
 .debug_aranges
                0x0000000000000100       0x20 /opt/cross/lib/gcc/arm-elf/4.2.1/libgcc.a(_udivsi3.o)
 .debug_aranges
                0x0000000000000120       0x20 /opt/cross/lib/gcc/arm-elf/4.2.1/libgcc.a(_umodsi3.o)
 .debug_aranges
                0x0000000000000140       0x20 /opt/cross/lib/gcc/arm-elf/4.2.1/libgcc.a(_dvmd_tls.o)

.debug_ranges   0x0000000000000000      0x130
 .debug_ranges  0x0000000000000000       0x30 halsys.o
 .debug_ranges  0x0000000000000030       0x80 ../usbstack.a(usbhw_lpc.o)
 .debug_ranges  0x00000000000000b0       0x80 ../usbstack.a(usbstdreq.o)

.debug_str      0x0000000000000000      0x8f5
 .debug_str     0x0000000000000000       0xff halsys.o
                                        0x10c (size before relaxing)
 .debug_str     0x00000000000000ff       0x83 printf.o
                                         0xf3 (size before relaxing)
 .debug_str     0x0000000000000182       0x34 console.o
                                         0x88 (size before relaxing)
 .debug_str     0x00000000000001b6       0xe6 main_hid.o
                                        0x178 (size before relaxing)
 .debug_str     0x000000000000029c      0x422 ../usbstack.a(usbhw_lpc.o)
                                        0x478 (size before relaxing)
 .debug_str     0x00000000000006be       0xab ../usbstack.a(usbcontrol.o)
                                        0x1b6 (size before relaxing)
 .debug_str     0x0000000000000769      0x153 ../usbstack.a(usbstdreq.o)
                                        0x25d (size before relaxing)
 .debug_str     0x00000000000008bc       0x39 ../usbstack.a(usbinit.o)
                                         0xb2 (size before relaxing)

.comment        0x0000000000000000       0x90
 .comment       0x0000000000000000       0x12 halsys.o
 .comment       0x0000000000000012       0x12 printf.o
 .comment       0x0000000000000024       0x12 console.o
 .comment       0x0000000000000036       0x12 main_hid.o
 .comment       0x0000000000000048       0x12 ../usbstack.a(usbhw_lpc.o)
 .comment       0x000000000000005a       0x12 ../usbstack.a(usbcontrol.o)
 .comment       0x000000000000006c       0x12 ../usbstack.a(usbstdreq.o)
 .comment       0x000000000000007e       0x12 ../usbstack.a(usbinit.o)
