Archive member included because of file (symbol)

../usbstack.a(usbhw_lpc.o)    isoc_io_dma_sample.o (USBHwConnect)
../usbstack.a(usbcontrol.o)   isoc_io_dma_sample.o (USBRegisterRequestHandler)
../usbstack.a(usbstdreq.o)    isoc_io_dma_sample.o (USBRegisterDescriptors)
../usbstack.a(usbinit.o)      isoc_io_dma_sample.o (USBInit)
/opt/cross/lib/gcc/arm-elf/4.2.1/libgcc.a(_udivsi3.o)
                              printf.o (__udivsi3)
/opt/cross/lib/gcc/arm-elf/4.2.1/libgcc.a(_umodsi3.o)
                              printf.o (__umodsi3)
/opt/cross/lib/gcc/arm-elf/4.2.1/libgcc.a(_dvmd_tls.o)
                              /opt/cross/lib/gcc/arm-elf/4.2.1/libgcc.a(_udivsi3.o) (__div0)

Memory Configuration

Name             Origin             Length             Attributes
flash            0x0000000000000000 0x0000000000080000
ram_isp_low      0x0000000040000120 0x00000000000000df a
ram              0x0000000040000200 0x0000000000007f01
ram_isp_high     0x0000000040007fe0 0x0000000000000020 a
ram_usb_dma      0x000000007fd00000 0x0000000000002000
*default*        0x0000000000000000 0xffffffffffffffff

Linker script and memory map

LOAD crt.o
LOAD halsys.o
LOAD printf.o
LOAD console.o
LOAD isoc_io_dma_sample.o
LOAD armVIC.o
LOAD ../usbstack.a
START GROUP
LOAD /opt/cross/lib/gcc/arm-elf/4.2.1/libgcc.a
LOAD /opt/cross/lib/gcc/arm-elf/4.2.1/../../../../arm-elf/lib/libc.a
END GROUP
                0x0000000040007edc                _stack_end = 0x40007edc
                0x0000000000000000                . = 0x0

startup
 *(.startup)

.text           0x0000000000000000     0x2120
 *(.text)
 .text          0x0000000000000000       0xd8 crt.o
                0x0000000000000000                _startup
                0x0000000000000040                Reset_Handler
 .text          0x00000000000000d8      0x150 halsys.o
                0x00000000000000e4                UNDEF_Routine
                0x00000000000000e0                SWI_Routine
                0x0000000000000150                HalSysGetPCLK
                0x00000000000000dc                FIQ_Routine
                0x0000000000000144                HalSysGetCCLK
                0x00000000000000e8                HalSysPinSelect
                0x00000000000000d8                IRQ_Routine
                0x00000000000001b8                HalSysInit
                0x000000000000015c                HalPinSelect
 .text          0x0000000000000228      0x45c printf.o
                0x0000000000000650                printf
                0x0000000000000618                sprintf
 .text          0x0000000000000684       0xd8 console.o
                0x00000000000006d0                putchar
                0x0000000000000684                ConsoleInit
                0x0000000000000728                puts
                0x000000000000070c                getchar
 .text          0x000000000000075c      0x3d8 isoc_io_dma_sample.o
                0x0000000000000900                resetDMATransfer
                0x00000000000009a0                USBFrameHandler
                0x00000000000007a8                main
 .text          0x0000000000000b34       0x78 armVIC.o
                0x0000000000000b34                restoreIRQ
                0x0000000000000b7c                enableFIQ
                0x0000000000000b6c                disableFIQ
                0x0000000000000b9c                enableIRQ
                0x0000000000000b50                restoreFIQ
                0x0000000000000b8c                disableIRQ
 .text          0x0000000000000bac      0x870 ../usbstack.a(usbhw_lpc.o)
                0x0000000000000de0                USBHwEPRead
                0x0000000000000f30                USBHwISR
                0x0000000000001240                USBDisableDMAForEndpoint
                0x0000000000000d54                USBHwEPWrite
                0x0000000000001268                USBEnableDMAForEndpoint
                0x0000000000000e7c                USBHwISOCEPRead
                0x0000000000000c70                USBHwEPConfig
                0x0000000000000cc8                USBHwSetAddress
                0x0000000000000cd8                USBHwConnect
                0x0000000000000d34                USBHwEPStall
                0x00000000000012e4                USBSetHeadDDForDMA
                0x00000000000012fc                USBInitializeUSBDMA
                0x0000000000001350                USBHwRegisterDevIntHandler
                0x000000000000137c                USBHwRegisterEPIntHandler
                0x00000000000011c8                USBSetupDMADescriptor
                0x0000000000000f20                USBHwConfigDevice
                0x0000000000000d08                USBHwNakIntEnable
                0x0000000000001090                USBHwInit
                0x0000000000001324                USBHwRegisterFrameHandler
                0x0000000000000d14                USBHwEPGetStatus
                0x0000000000001290                USBInitializeISOCFrameArray
 .text          0x000000000000141c      0x350 ../usbstack.a(usbcontrol.o)
                0x000000000000159c                USBHandleControlTransfer
                0x000000000000141c                USBRegisterRequestHandler
 .text          0x000000000000176c      0x428 ../usbstack.a(usbstdreq.o)
                0x000000000000178c                USBGetDescriptor
                0x000000000000177c                USBRegisterCustomReqHandler
                0x000000000000176c                USBRegisterDescriptors
                0x000000000000185c                USBHandleStandardRequest
 .text          0x0000000000001b94       0x80 ../usbstack.a(usbinit.o)
                0x0000000000001b94                USBInit
 .text          0x0000000000001c14      0x110 /opt/cross/lib/gcc/arm-elf/4.2.1/libgcc.a(_udivsi3.o)
                0x0000000000001c14                __udivsi3
                0x0000000000001c14                __aeabi_uidiv
                0x0000000000001d0c                __aeabi_uidivmod
 .text          0x0000000000001d24       0xcc /opt/cross/lib/gcc/arm-elf/4.2.1/libgcc.a(_umodsi3.o)
                0x0000000000001d24                __umodsi3
 .text          0x0000000000001df0        0x4 /opt/cross/lib/gcc/arm-elf/4.2.1/libgcc.a(_dvmd_tls.o)
                0x0000000000001df0                __aeabi_ldiv0
                0x0000000000001df0                __div0
                0x0000000000001df0                __aeabi_idiv0
 *(.rodata)
 .rodata        0x0000000000001df4       0x6b isoc_io_dma_sample.o
 *fill*         0x0000000000001e5f        0x1 00
 .rodata        0x0000000000001e60       0x1c ../usbstack.a(usbhw_lpc.o)
 .rodata        0x0000000000001e7c       0x38 ../usbstack.a(usbcontrol.o)
 .rodata        0x0000000000001eb4       0x28 ../usbstack.a(usbstdreq.o)
 *(.rodata*)
 .rodata.str1.4
                0x0000000000001edc        0x7 printf.o
                                          0x8 (size before relaxing)
 *fill*         0x0000000000001ee3        0x1 00
 .rodata.str1.4
                0x0000000000001ee4       0x33 isoc_io_dma_sample.o
                                         0x34 (size before relaxing)
 *fill*         0x0000000000001f17        0x1 00
 .rodata.str1.4
                0x0000000000001f18       0xa4 ../usbstack.a(usbhw_lpc.o)
 .rodata.str1.4
                0x0000000000001fbc       0xa2 ../usbstack.a(usbcontrol.o)
                                         0xd0 (size before relaxing)
 *fill*         0x000000000000205e        0x2 00
 .rodata.str1.4
                0x0000000000002060       0xbb ../usbstack.a(usbstdreq.o)
                                         0xe4 (size before relaxing)
 *fill*         0x000000000000211b        0x1 00
 .rodata.str1.4
                0x000000000000211c        0x4 ../usbstack.a(usbinit.o)
 *(.glue_7)
 .glue_7        0x0000000000002120        0x0 crt.o
 .glue_7        0x0000000000002120        0x0 halsys.o
 .glue_7        0x0000000000002120        0x0 printf.o
 .glue_7        0x0000000000002120        0x0 console.o
 .glue_7        0x0000000000002120        0x0 isoc_io_dma_sample.o
 .glue_7        0x0000000000002120        0x0 armVIC.o
 .glue_7        0x0000000000002120        0x0 ../usbstack.a(usbhw_lpc.o)
 .glue_7        0x0000000000002120        0x0 ../usbstack.a(usbcontrol.o)
 .glue_7        0x0000000000002120        0x0 ../usbstack.a(usbstdreq.o)
 .glue_7        0x0000000000002120        0x0 ../usbstack.a(usbinit.o)
 .glue_7        0x0000000000002120        0x0 /opt/cross/lib/gcc/arm-elf/4.2.1/libgcc.a(_udivsi3.o)
 .glue_7        0x0000000000002120        0x0 /opt/cross/lib/gcc/arm-elf/4.2.1/libgcc.a(_umodsi3.o)
 .glue_7        0x0000000000002120        0x0 /opt/cross/lib/gcc/arm-elf/4.2.1/libgcc.a(_dvmd_tls.o)
 *(.glue_7t)
 .glue_7t       0x0000000000002120        0x0 crt.o
 .glue_7t       0x0000000000002120        0x0 halsys.o
 .glue_7t       0x0000000000002120        0x0 printf.o
 .glue_7t       0x0000000000002120        0x0 console.o
 .glue_7t       0x0000000000002120        0x0 isoc_io_dma_sample.o
 .glue_7t       0x0000000000002120        0x0 armVIC.o
 .glue_7t       0x0000000000002120        0x0 ../usbstack.a(usbhw_lpc.o)
 .glue_7t       0x0000000000002120        0x0 ../usbstack.a(usbcontrol.o)
 .glue_7t       0x0000000000002120        0x0 ../usbstack.a(usbstdreq.o)
 .glue_7t       0x0000000000002120        0x0 ../usbstack.a(usbinit.o)
 .glue_7t       0x0000000000002120        0x0 /opt/cross/lib/gcc/arm-elf/4.2.1/libgcc.a(_udivsi3.o)
 .glue_7t       0x0000000000002120        0x0 /opt/cross/lib/gcc/arm-elf/4.2.1/libgcc.a(_umodsi3.o)
 .glue_7t       0x0000000000002120        0x0 /opt/cross/lib/gcc/arm-elf/4.2.1/libgcc.a(_dvmd_tls.o)
                0x0000000000002120                _etext = .

.vfp11_veneer   0x0000000040000120        0x0
 .vfp11_veneer  0x0000000040000120        0x0 crt.o
 .vfp11_veneer  0x0000000040000120        0x0 halsys.o
 .vfp11_veneer  0x0000000040000120        0x0 printf.o
 .vfp11_veneer  0x0000000040000120        0x0 console.o
 .vfp11_veneer  0x0000000040000120        0x0 isoc_io_dma_sample.o
 .vfp11_veneer  0x0000000040000120        0x0 armVIC.o
 .vfp11_veneer  0x0000000040000120        0x0 ../usbstack.a(usbhw_lpc.o)
 .vfp11_veneer  0x0000000040000120        0x0 ../usbstack.a(usbcontrol.o)
 .vfp11_veneer  0x0000000040000120        0x0 ../usbstack.a(usbstdreq.o)
 .vfp11_veneer  0x0000000040000120        0x0 ../usbstack.a(usbinit.o)
 .vfp11_veneer  0x0000000040000120        0x0 /opt/cross/lib/gcc/arm-elf/4.2.1/libgcc.a(_udivsi3.o)
 .vfp11_veneer  0x0000000040000120        0x0 /opt/cross/lib/gcc/arm-elf/4.2.1/libgcc.a(_umodsi3.o)
 .vfp11_veneer  0x0000000040000120        0x0 /opt/cross/lib/gcc/arm-elf/4.2.1/libgcc.a(_dvmd_tls.o)

.v4_bx          0x0000000040000120        0x0
 .v4_bx         0x0000000040000120        0x0 crt.o
 .v4_bx         0x0000000040000120        0x0 halsys.o
 .v4_bx         0x0000000040000120        0x0 printf.o
 .v4_bx         0x0000000040000120        0x0 console.o
 .v4_bx         0x0000000040000120        0x0 isoc_io_dma_sample.o
 .v4_bx         0x0000000040000120        0x0 armVIC.o
 .v4_bx         0x0000000040000120        0x0 ../usbstack.a(usbhw_lpc.o)
 .v4_bx         0x0000000040000120        0x0 ../usbstack.a(usbcontrol.o)
 .v4_bx         0x0000000040000120        0x0 ../usbstack.a(usbstdreq.o)
 .v4_bx         0x0000000040000120        0x0 ../usbstack.a(usbinit.o)
 .v4_bx         0x0000000040000120        0x0 /opt/cross/lib/gcc/arm-elf/4.2.1/libgcc.a(_udivsi3.o)
 .v4_bx         0x0000000040000120        0x0 /opt/cross/lib/gcc/arm-elf/4.2.1/libgcc.a(_umodsi3.o)
 .v4_bx         0x0000000040000120        0x0 /opt/cross/lib/gcc/arm-elf/4.2.1/libgcc.a(_dvmd_tls.o)

.usbdma         0x000000007fd00000      0x580
 *(.usbdma)
 .usbdma        0x000000007fd00000      0x580 isoc_io_dma_sample.o
                0x000000007fd00500                outputIsocFrameArray
                0x000000007fd00280                inputDmaDescriptor
                0x000000007fd00200                udcaHeadArray
                0x000000007fd00000                outputIsocDataBuffer
                0x000000007fd004a4                outputDmaDescriptor
                0x000000007fd002a4                inputIsocDataBuffer
                0x000000007fd00294                inputIsocFrameArray
                0x000000007fd00580                . = ALIGN (0x4)

.data           0x0000000040000200        0x2 load address 0x0000000000002120
                0x0000000040000200                _data = .
 *(.data)
 .data          0x0000000040000200        0x0 crt.o
 .data          0x0000000040000200        0x0 halsys.o
 .data          0x0000000040000200        0x0 printf.o
 .data          0x0000000040000200        0x0 console.o
 .data          0x0000000040000200        0x2 isoc_io_dma_sample.o
                0x0000000040000200                commonIsocFrameNumber
 .data          0x0000000040000202        0x0 armVIC.o
 .data          0x0000000040000202        0x0 ../usbstack.a(usbhw_lpc.o)
 .data          0x0000000040000202        0x0 ../usbstack.a(usbcontrol.o)
 .data          0x0000000040000202        0x0 ../usbstack.a(usbstdreq.o)
 .data          0x0000000040000202        0x0 ../usbstack.a(usbinit.o)
 .data          0x0000000040000202        0x0 /opt/cross/lib/gcc/arm-elf/4.2.1/libgcc.a(_udivsi3.o)
 .data          0x0000000040000202        0x0 /opt/cross/lib/gcc/arm-elf/4.2.1/libgcc.a(_umodsi3.o)
 .data          0x0000000040000202        0x0 /opt/cross/lib/gcc/arm-elf/4.2.1/libgcc.a(_dvmd_tls.o)
                0x0000000040000202                _edata = .

.bss            0x0000000040000204       0xb4
                0x0000000040000204                _bss_start = .
 *(.bss)
 .bss           0x0000000040000204        0x0 crt.o
 .bss           0x0000000040000204        0x0 halsys.o
 .bss           0x0000000040000204        0x0 printf.o
 .bss           0x0000000040000204        0x0 console.o
 .bss           0x0000000040000204       0x24 isoc_io_dma_sample.o
                0x0000000040000218                didOutputInit
                0x000000004000021c                incrementingNumberCounter
                0x0000000040000204                isConnectedFlag
                0x0000000040000208                bDevStat
                0x0000000040000210                didInputInit
                0x000000004000020c                delay
                0x0000000040000214                resetCount
 .bss           0x0000000040000228        0x0 armVIC.o
 .bss           0x0000000040000228       0x48 ../usbstack.a(usbhw_lpc.o)
 .bss           0x0000000040000270       0x34 ../usbstack.a(usbcontrol.o)
 .bss           0x00000000400002a4        0xc ../usbstack.a(usbstdreq.o)
 .bss           0x00000000400002b0        0x8 ../usbstack.a(usbinit.o)
 .bss           0x00000000400002b8        0x0 /opt/cross/lib/gcc/arm-elf/4.2.1/libgcc.a(_udivsi3.o)
 .bss           0x00000000400002b8        0x0 /opt/cross/lib/gcc/arm-elf/4.2.1/libgcc.a(_umodsi3.o)
 .bss           0x00000000400002b8        0x0 /opt/cross/lib/gcc/arm-elf/4.2.1/libgcc.a(_dvmd_tls.o)
                0x00000000400002b8                . = ALIGN (0x4)
                0x00000000400002b8                _bss_end = .
                0x00000000400002b8                _end = .
OUTPUT(isoc_io_dma_sample.elf elf32-littlearm)

.ARM.attributes
                0x0000000000000000       0x10
 .ARM.attributes
                0x0000000000000000       0x10 crt.o
 .ARM.attributes
                0x0000000000000010       0x10 halsys.o
 .ARM.attributes
                0x0000000000000020       0x10 printf.o
 .ARM.attributes
                0x0000000000000030       0x10 console.o
 .ARM.attributes
                0x0000000000000040       0x10 isoc_io_dma_sample.o
 .ARM.attributes
                0x0000000000000050       0x10 armVIC.o
 .ARM.attributes
                0x0000000000000060       0x10 ../usbstack.a(usbhw_lpc.o)
 .ARM.attributes
                0x0000000000000070       0x10 ../usbstack.a(usbcontrol.o)
 .ARM.attributes
                0x0000000000000080       0x10 ../usbstack.a(usbstdreq.o)
 .ARM.attributes
                0x0000000000000090       0x10 ../usbstack.a(usbinit.o)
 .ARM.attributes
                0x00000000000000a0       0x10 /opt/cross/lib/gcc/arm-elf/4.2.1/libgcc.a(_udivsi3.o)
 .ARM.attributes
                0x00000000000000b0       0x10 /opt/cross/lib/gcc/arm-elf/4.2.1/libgcc.a(_umodsi3.o)
 .ARM.attributes
                0x00000000000000c0       0x10 /opt/cross/lib/gcc/arm-elf/4.2.1/libgcc.a(_dvmd_tls.o)

.debug_abbrev   0x0000000000000000      0xc77
 .debug_abbrev  0x0000000000000000       0xc9 halsys.o
 .debug_abbrev  0x00000000000000c9      0x158 printf.o
 .debug_abbrev  0x0000000000000221       0xb8 console.o
 .debug_abbrev  0x00000000000002d9      0x1a3 isoc_io_dma_sample.o
 .debug_abbrev  0x000000000000047c       0xe9 armVIC.o
 .debug_abbrev  0x0000000000000565      0x295 ../usbstack.a(usbhw_lpc.o)
 .debug_abbrev  0x00000000000007fa      0x152 ../usbstack.a(usbcontrol.o)
 .debug_abbrev  0x000000000000094c      0x246 ../usbstack.a(usbstdreq.o)
 .debug_abbrev  0x0000000000000b92       0xa9 ../usbstack.a(usbinit.o)
 .debug_abbrev  0x0000000000000c3b       0x14 /opt/cross/lib/gcc/arm-elf/4.2.1/libgcc.a(_udivsi3.o)
 .debug_abbrev  0x0000000000000c4f       0x14 /opt/cross/lib/gcc/arm-elf/4.2.1/libgcc.a(_umodsi3.o)
 .debug_abbrev  0x0000000000000c63       0x14 /opt/cross/lib/gcc/arm-elf/4.2.1/libgcc.a(_dvmd_tls.o)

.debug_info     0x0000000000000000     0x20b6
 .debug_info    0x0000000000000000      0x174 halsys.o
 .debug_info    0x0000000000000174      0x352 printf.o
 .debug_info    0x00000000000004c6       0xd2 console.o
 .debug_info    0x0000000000000598      0x47c isoc_io_dma_sample.o
 .debug_info    0x0000000000000a14      0x2e7 armVIC.o
 .debug_info    0x0000000000000cfb      0x8d2 ../usbstack.a(usbhw_lpc.o)
 .debug_info    0x00000000000015cd      0x33b ../usbstack.a(usbcontrol.o)
 .debug_info    0x0000000000001908      0x4ba ../usbstack.a(usbstdreq.o)
 .debug_info    0x0000000000001dc2       0xba ../usbstack.a(usbinit.o)
 .debug_info    0x0000000000001e7c       0xbe /opt/cross/lib/gcc/arm-elf/4.2.1/libgcc.a(_udivsi3.o)
 .debug_info    0x0000000000001f3a       0xbe /opt/cross/lib/gcc/arm-elf/4.2.1/libgcc.a(_umodsi3.o)
 .debug_info    0x0000000000001ff8       0xbe /opt/cross/lib/gcc/arm-elf/4.2.1/libgcc.a(_dvmd_tls.o)

.debug_line     0x0000000000000000      0x980
 .debug_line    0x0000000000000000       0xa0 halsys.o
 .debug_line    0x00000000000000a0      0x100 printf.o
 .debug_line    0x00000000000001a0       0x61 console.o
 .debug_line    0x0000000000000201       0xde isoc_io_dma_sample.o
 .debug_line    0x00000000000002df       0x71 armVIC.o
 .debug_line    0x0000000000000350      0x231 ../usbstack.a(usbhw_lpc.o)
 .debug_line    0x0000000000000581       0xd2 ../usbstack.a(usbcontrol.o)
 .debug_line    0x0000000000000653      0x109 ../usbstack.a(usbstdreq.o)
 .debug_line    0x000000000000075c       0x57 ../usbstack.a(usbinit.o)
 .debug_line    0x00000000000007b3       0xb0 /opt/cross/lib/gcc/arm-elf/4.2.1/libgcc.a(_udivsi3.o)
 .debug_line    0x0000000000000863       0x99 /opt/cross/lib/gcc/arm-elf/4.2.1/libgcc.a(_umodsi3.o)
 .debug_line    0x00000000000008fc       0x84 /opt/cross/lib/gcc/arm-elf/4.2.1/libgcc.a(_dvmd_tls.o)

.debug_frame    0x0000000000000000      0x680
 .debug_frame   0x0000000000000000       0xa0 halsys.o
 .debug_frame   0x00000000000000a0       0xd8 printf.o
 .debug_frame   0x0000000000000178       0x58 console.o
 .debug_frame   0x00000000000001d0       0xa0 isoc_io_dma_sample.o
 .debug_frame   0x0000000000000270       0x70 armVIC.o
 .debug_frame   0x00000000000002e0      0x20c ../usbstack.a(usbhw_lpc.o)
 .debug_frame   0x00000000000004ec       0x98 ../usbstack.a(usbcontrol.o)
 .debug_frame   0x0000000000000584       0x74 ../usbstack.a(usbstdreq.o)
 .debug_frame   0x00000000000005f8       0x38 ../usbstack.a(usbinit.o)
 .debug_frame   0x0000000000000630       0x28 /opt/cross/lib/gcc/arm-elf/4.2.1/libgcc.a(_udivsi3.o)
 .debug_frame   0x0000000000000658       0x28 /opt/cross/lib/gcc/arm-elf/4.2.1/libgcc.a(_umodsi3.o)

.debug_loc      0x0000000000000000     0x1459
 .debug_loc     0x0000000000000000       0x8e halsys.o
 .debug_loc     0x000000000000008e      0x5e4 printf.o
 .debug_loc     0x0000000000000672       0x63 console.o
 .debug_loc     0x00000000000006d5      0x129 isoc_io_dma_sample.o
 .debug_loc     0x00000000000007fe       0x72 armVIC.o
 .debug_loc     0x0000000000000870      0x5ed ../usbstack.a(usbhw_lpc.o)
 .debug_loc     0x0000000000000e5d      0x297 ../usbstack.a(usbcontrol.o)
 .debug_loc     0x00000000000010f4      0x333 ../usbstack.a(usbstdreq.o)
 .debug_loc     0x0000000000001427       0x32 ../usbstack.a(usbinit.o)

.debug_pubnames
                0x0000000000000000      0x5d0
 .debug_pubnames
                0x0000000000000000       0xac halsys.o
 .debug_pubnames
                0x00000000000000ac       0x29 printf.o
 .debug_pubnames
                0x00000000000000d5       0x43 console.o
 .debug_pubnames
                0x0000000000000118      0x17c isoc_io_dma_sample.o
 .debug_pubnames
                0x0000000000000294       0x6a armVIC.o
 .debug_pubnames
                0x00000000000002fe      0x1e8 ../usbstack.a(usbhw_lpc.o)
 .debug_pubnames
                0x00000000000004e6       0x4d ../usbstack.a(usbcontrol.o)
 .debug_pubnames
                0x0000000000000533       0x7f ../usbstack.a(usbstdreq.o)
 .debug_pubnames
                0x00000000000005b2       0x1e ../usbstack.a(usbinit.o)

.debug_aranges  0x0000000000000000      0x180
 .debug_aranges
                0x0000000000000000       0x20 halsys.o
 .debug_aranges
                0x0000000000000020       0x20 printf.o
 .debug_aranges
                0x0000000000000040       0x20 console.o
 .debug_aranges
                0x0000000000000060       0x20 isoc_io_dma_sample.o
 .debug_aranges
                0x0000000000000080       0x20 armVIC.o
 .debug_aranges
                0x00000000000000a0       0x20 ../usbstack.a(usbhw_lpc.o)
 .debug_aranges
                0x00000000000000c0       0x20 ../usbstack.a(usbcontrol.o)
 .debug_aranges
                0x00000000000000e0       0x20 ../usbstack.a(usbstdreq.o)
 .debug_aranges
                0x0000000000000100       0x20 ../usbstack.a(usbinit.o)
 .debug_aranges
                0x0000000000000120       0x20 /opt/cross/lib/gcc/arm-elf/4.2.1/libgcc.a(_udivsi3.o)
 .debug_aranges
                0x0000000000000140       0x20 /opt/cross/lib/gcc/arm-elf/4.2.1/libgcc.a(_umodsi3.o)
 .debug_aranges
                0x0000000000000160       0x20 /opt/cross/lib/gcc/arm-elf/4.2.1/libgcc.a(_dvmd_tls.o)

.debug_ranges   0x0000000000000000      0x130
 .debug_ranges  0x0000000000000000       0x30 halsys.o
 .debug_ranges  0x0000000000000030       0x80 ../usbstack.a(usbhw_lpc.o)
 .debug_ranges  0x00000000000000b0       0x80 ../usbstack.a(usbstdreq.o)

.debug_str      0x0000000000000000      0xb1c
 .debug_str     0x0000000000000000       0xff halsys.o
                                        0x10c (size before relaxing)
 .debug_str     0x00000000000000ff       0x83 printf.o
                                         0xf3 (size before relaxing)
 .debug_str     0x0000000000000182       0x34 console.o
                                         0x88 (size before relaxing)
 .debug_str     0x00000000000001b6      0x2d0 isoc_io_dma_sample.o
                                        0x387 (size before relaxing)
 .debug_str     0x0000000000000486       0x6e armVIC.o
                                        0x103 (size before relaxing)
 .debug_str     0x00000000000004f4      0x3ef ../usbstack.a(usbhw_lpc.o)
                                        0x478 (size before relaxing)
 .debug_str     0x00000000000008e3       0xab ../usbstack.a(usbcontrol.o)
                                        0x1b6 (size before relaxing)
 .debug_str     0x000000000000098e      0x160 ../usbstack.a(usbstdreq.o)
                                        0x25d (size before relaxing)
 .debug_str     0x0000000000000aee       0x2e ../usbstack.a(usbinit.o)
                                         0xb2 (size before relaxing)

.comment        0x0000000000000000       0xa2
 .comment       0x0000000000000000       0x12 halsys.o
 .comment       0x0000000000000012       0x12 printf.o
 .comment       0x0000000000000024       0x12 console.o
 .comment       0x0000000000000036       0x12 isoc_io_dma_sample.o
 .comment       0x0000000000000048       0x12 armVIC.o
 .comment       0x000000000000005a       0x12 ../usbstack.a(usbhw_lpc.o)
 .comment       0x000000000000006c       0x12 ../usbstack.a(usbcontrol.o)
 .comment       0x000000000000007e       0x12 ../usbstack.a(usbstdreq.o)
 .comment       0x0000000000000090       0x12 ../usbstack.a(usbinit.o)
