Archive member included because of file (symbol)

../usbstack.a(usbhw_lpc.o)    isoc_io_sample.o (USBHwConnect)
../usbstack.a(usbcontrol.o)   isoc_io_sample.o (USBRegisterRequestHandler)
../usbstack.a(usbstdreq.o)    isoc_io_sample.o (USBRegisterDescriptors)
../usbstack.a(usbinit.o)      isoc_io_sample.o (USBInit)
/opt/cross/lib/gcc/arm-elf/4.2.1/libgcc.a(_udivsi3.o)
                              printf.o (__udivsi3)
/opt/cross/lib/gcc/arm-elf/4.2.1/libgcc.a(_umodsi3.o)
                              printf.o (__umodsi3)
/opt/cross/lib/gcc/arm-elf/4.2.1/libgcc.a(_dvmd_tls.o)
                              /opt/cross/lib/gcc/arm-elf/4.2.1/libgcc.a(_udivsi3.o) (__div0)

Allocating common symbols
Common symbol       size              file

outputIsocDataBuffer
                    0x400             isoc_io_sample.o
inputIsocDataBuffer
                    0x4               isoc_io_sample.o

Memory Configuration

Name             Origin             Length             Attributes
flash            0x0000000000000000 0x0000000000080000
ram_isp_low      0x0000000040000120 0x00000000000000df a
ram              0x0000000040000200 0x0000000000007f01
ram_isp_high     0x0000000040007fe0 0x0000000000000020 a
ram_usb_dma      0x000000007fd00000 0x0000000000002000
*default*        0x0000000000000000 0xffffffffffffffff

Linker script and memory map

LOAD crt.o
LOAD halsys.o
LOAD printf.o
LOAD console.o
LOAD isoc_io_sample.o
LOAD armVIC.o
LOAD ../usbstack.a
START GROUP
LOAD /opt/cross/lib/gcc/arm-elf/4.2.1/libgcc.a
LOAD /opt/cross/lib/gcc/arm-elf/4.2.1/../../../../arm-elf/lib/libc.a
END GROUP
                0x0000000040007edc                _stack_end = 0x40007edc
                0x0000000000000000                . = 0x0

startup
 *(.startup)

.text           0x0000000000000000     0x1f78
 *(.text)
 .text          0x0000000000000000       0xd8 crt.o
                0x0000000000000000                _startup
                0x0000000000000040                Reset_Handler
 .text          0x00000000000000d8      0x150 halsys.o
                0x00000000000000e4                UNDEF_Routine
                0x00000000000000e0                SWI_Routine
                0x0000000000000150                HalSysGetPCLK
                0x00000000000000dc                FIQ_Routine
                0x0000000000000144                HalSysGetCCLK
                0x00000000000000e8                HalSysPinSelect
                0x00000000000000d8                IRQ_Routine
                0x00000000000001b8                HalSysInit
                0x000000000000015c                HalPinSelect
 .text          0x0000000000000228      0x45c printf.o
                0x0000000000000650                printf
                0x0000000000000618                sprintf
 .text          0x0000000000000684       0xd8 console.o
                0x00000000000006d0                putchar
                0x0000000000000684                ConsoleInit
                0x0000000000000728                puts
                0x000000000000070c                getchar
 .text          0x000000000000075c      0x230 isoc_io_sample.o
                0x00000000000008ec                USBFrameHandler
                0x00000000000007a8                main
 .text          0x000000000000098c       0x78 armVIC.o
                0x000000000000098c                restoreIRQ
                0x00000000000009d4                enableFIQ
                0x00000000000009c4                disableFIQ
                0x00000000000009f4                enableIRQ
                0x00000000000009a8                restoreFIQ
                0x00000000000009e4                disableIRQ
 .text          0x0000000000000a04      0x870 ../usbstack.a(usbhw_lpc.o)
                0x0000000000000c38                USBHwEPRead
                0x0000000000000d88                USBHwISR
                0x0000000000001098                USBDisableDMAForEndpoint
                0x0000000000000bac                USBHwEPWrite
                0x00000000000010c0                USBEnableDMAForEndpoint
                0x0000000000000cd4                USBHwISOCEPRead
                0x0000000000000ac8                USBHwEPConfig
                0x0000000000000b20                USBHwSetAddress
                0x0000000000000b30                USBHwConnect
                0x0000000000000b8c                USBHwEPStall
                0x000000000000113c                USBSetHeadDDForDMA
                0x0000000000001154                USBInitializeUSBDMA
                0x00000000000011a8                USBHwRegisterDevIntHandler
                0x00000000000011d4                USBHwRegisterEPIntHandler
                0x0000000000001020                USBSetupDMADescriptor
                0x0000000000000d78                USBHwConfigDevice
                0x0000000000000b60                USBHwNakIntEnable
                0x0000000000000ee8                USBHwInit
                0x000000000000117c                USBHwRegisterFrameHandler
                0x0000000000000b6c                USBHwEPGetStatus
                0x00000000000010e8                USBInitializeISOCFrameArray
 .text          0x0000000000001274      0x350 ../usbstack.a(usbcontrol.o)
                0x00000000000013f4                USBHandleControlTransfer
                0x0000000000001274                USBRegisterRequestHandler
 .text          0x00000000000015c4      0x428 ../usbstack.a(usbstdreq.o)
                0x00000000000015e4                USBGetDescriptor
                0x00000000000015d4                USBRegisterCustomReqHandler
                0x00000000000015c4                USBRegisterDescriptors
                0x00000000000016b4                USBHandleStandardRequest
 .text          0x00000000000019ec       0x80 ../usbstack.a(usbinit.o)
                0x00000000000019ec                USBInit
 .text          0x0000000000001a6c      0x110 /opt/cross/lib/gcc/arm-elf/4.2.1/libgcc.a(_udivsi3.o)
                0x0000000000001a6c                __udivsi3
                0x0000000000001a6c                __aeabi_uidiv
                0x0000000000001b64                __aeabi_uidivmod
 .text          0x0000000000001b7c       0xcc /opt/cross/lib/gcc/arm-elf/4.2.1/libgcc.a(_umodsi3.o)
                0x0000000000001b7c                __umodsi3
 .text          0x0000000000001c48        0x4 /opt/cross/lib/gcc/arm-elf/4.2.1/libgcc.a(_dvmd_tls.o)
                0x0000000000001c48                __aeabi_ldiv0
                0x0000000000001c48                __div0
                0x0000000000001c48                __aeabi_idiv0
 *(.rodata)
 .rodata        0x0000000000001c4c       0x6b isoc_io_sample.o
 *fill*         0x0000000000001cb7        0x1 00
 .rodata        0x0000000000001cb8       0x1c ../usbstack.a(usbhw_lpc.o)
 .rodata        0x0000000000001cd4       0x38 ../usbstack.a(usbcontrol.o)
 .rodata        0x0000000000001d0c       0x28 ../usbstack.a(usbstdreq.o)
 *(.rodata*)
 .rodata.str1.4
                0x0000000000001d34        0x7 printf.o
                                          0x8 (size before relaxing)
 *fill*         0x0000000000001d3b        0x1 00
 .rodata.str1.4
                0x0000000000001d3c       0x33 isoc_io_sample.o
                                         0x34 (size before relaxing)
 *fill*         0x0000000000001d6f        0x1 00
 .rodata.str1.4
                0x0000000000001d70       0xa4 ../usbstack.a(usbhw_lpc.o)
 .rodata.str1.4
                0x0000000000001e14       0xa2 ../usbstack.a(usbcontrol.o)
                                         0xd0 (size before relaxing)
 *fill*         0x0000000000001eb6        0x2 00
 .rodata.str1.4
                0x0000000000001eb8       0xbb ../usbstack.a(usbstdreq.o)
                                         0xe4 (size before relaxing)
 *fill*         0x0000000000001f73        0x1 00
 .rodata.str1.4
                0x0000000000001f74        0x4 ../usbstack.a(usbinit.o)
 *(.glue_7)
 .glue_7        0x0000000000001f78        0x0 crt.o
 .glue_7        0x0000000000001f78        0x0 halsys.o
 .glue_7        0x0000000000001f78        0x0 printf.o
 .glue_7        0x0000000000001f78        0x0 console.o
 .glue_7        0x0000000000001f78        0x0 isoc_io_sample.o
 .glue_7        0x0000000000001f78        0x0 armVIC.o
 .glue_7        0x0000000000001f78        0x0 ../usbstack.a(usbhw_lpc.o)
 .glue_7        0x0000000000001f78        0x0 ../usbstack.a(usbcontrol.o)
 .glue_7        0x0000000000001f78        0x0 ../usbstack.a(usbstdreq.o)
 .glue_7        0x0000000000001f78        0x0 ../usbstack.a(usbinit.o)
 .glue_7        0x0000000000001f78        0x0 /opt/cross/lib/gcc/arm-elf/4.2.1/libgcc.a(_udivsi3.o)
 .glue_7        0x0000000000001f78        0x0 /opt/cross/lib/gcc/arm-elf/4.2.1/libgcc.a(_umodsi3.o)
 .glue_7        0x0000000000001f78        0x0 /opt/cross/lib/gcc/arm-elf/4.2.1/libgcc.a(_dvmd_tls.o)
 *(.glue_7t)
 .glue_7t       0x0000000000001f78        0x0 crt.o
 .glue_7t       0x0000000000001f78        0x0 halsys.o
 .glue_7t       0x0000000000001f78        0x0 printf.o
 .glue_7t       0x0000000000001f78        0x0 console.o
 .glue_7t       0x0000000000001f78        0x0 isoc_io_sample.o
 .glue_7t       0x0000000000001f78        0x0 armVIC.o
 .glue_7t       0x0000000000001f78        0x0 ../usbstack.a(usbhw_lpc.o)
 .glue_7t       0x0000000000001f78        0x0 ../usbstack.a(usbcontrol.o)
 .glue_7t       0x0000000000001f78        0x0 ../usbstack.a(usbstdreq.o)
 .glue_7t       0x0000000000001f78        0x0 ../usbstack.a(usbinit.o)
 .glue_7t       0x0000000000001f78        0x0 /opt/cross/lib/gcc/arm-elf/4.2.1/libgcc.a(_udivsi3.o)
 .glue_7t       0x0000000000001f78        0x0 /opt/cross/lib/gcc/arm-elf/4.2.1/libgcc.a(_umodsi3.o)
 .glue_7t       0x0000000000001f78        0x0 /opt/cross/lib/gcc/arm-elf/4.2.1/libgcc.a(_dvmd_tls.o)
                0x0000000000001f78                _etext = .

.vfp11_veneer   0x0000000040000120        0x0
 .vfp11_veneer  0x0000000040000120        0x0 crt.o
 .vfp11_veneer  0x0000000040000120        0x0 halsys.o
 .vfp11_veneer  0x0000000040000120        0x0 printf.o
 .vfp11_veneer  0x0000000040000120        0x0 console.o
 .vfp11_veneer  0x0000000040000120        0x0 isoc_io_sample.o
 .vfp11_veneer  0x0000000040000120        0x0 armVIC.o
 .vfp11_veneer  0x0000000040000120        0x0 ../usbstack.a(usbhw_lpc.o)
 .vfp11_veneer  0x0000000040000120        0x0 ../usbstack.a(usbcontrol.o)
 .vfp11_veneer  0x0000000040000120        0x0 ../usbstack.a(usbstdreq.o)
 .vfp11_veneer  0x0000000040000120        0x0 ../usbstack.a(usbinit.o)
 .vfp11_veneer  0x0000000040000120        0x0 /opt/cross/lib/gcc/arm-elf/4.2.1/libgcc.a(_udivsi3.o)
 .vfp11_veneer  0x0000000040000120        0x0 /opt/cross/lib/gcc/arm-elf/4.2.1/libgcc.a(_umodsi3.o)
 .vfp11_veneer  0x0000000040000120        0x0 /opt/cross/lib/gcc/arm-elf/4.2.1/libgcc.a(_dvmd_tls.o)

.v4_bx          0x0000000040000120        0x0
 .v4_bx         0x0000000040000120        0x0 crt.o
 .v4_bx         0x0000000040000120        0x0 halsys.o
 .v4_bx         0x0000000040000120        0x0 printf.o
 .v4_bx         0x0000000040000120        0x0 console.o
 .v4_bx         0x0000000040000120        0x0 isoc_io_sample.o
 .v4_bx         0x0000000040000120        0x0 armVIC.o
 .v4_bx         0x0000000040000120        0x0 ../usbstack.a(usbhw_lpc.o)
 .v4_bx         0x0000000040000120        0x0 ../usbstack.a(usbcontrol.o)
 .v4_bx         0x0000000040000120        0x0 ../usbstack.a(usbstdreq.o)
 .v4_bx         0x0000000040000120        0x0 ../usbstack.a(usbinit.o)
 .v4_bx         0x0000000040000120        0x0 /opt/cross/lib/gcc/arm-elf/4.2.1/libgcc.a(_udivsi3.o)
 .v4_bx         0x0000000040000120        0x0 /opt/cross/lib/gcc/arm-elf/4.2.1/libgcc.a(_umodsi3.o)
 .v4_bx         0x0000000040000120        0x0 /opt/cross/lib/gcc/arm-elf/4.2.1/libgcc.a(_dvmd_tls.o)

.usbdma         0x000000007fd00000        0x0
 *(.usbdma)
                0x000000007fd00000                . = ALIGN (0x4)

.data           0x0000000040000200        0x0 load address 0x0000000000001f78
                0x0000000040000200                _data = .
 *(.data)
 .data          0x0000000040000200        0x0 crt.o
 .data          0x0000000040000200        0x0 halsys.o
 .data          0x0000000040000200        0x0 printf.o
 .data          0x0000000040000200        0x0 console.o
 .data          0x0000000040000200        0x0 isoc_io_sample.o
 .data          0x0000000040000200        0x0 armVIC.o
 .data          0x0000000040000200        0x0 ../usbstack.a(usbhw_lpc.o)
 .data          0x0000000040000200        0x0 ../usbstack.a(usbcontrol.o)
 .data          0x0000000040000200        0x0 ../usbstack.a(usbstdreq.o)
 .data          0x0000000040000200        0x0 ../usbstack.a(usbinit.o)
 .data          0x0000000040000200        0x0 /opt/cross/lib/gcc/arm-elf/4.2.1/libgcc.a(_udivsi3.o)
 .data          0x0000000040000200        0x0 /opt/cross/lib/gcc/arm-elf/4.2.1/libgcc.a(_umodsi3.o)
 .data          0x0000000040000200        0x0 /opt/cross/lib/gcc/arm-elf/4.2.1/libgcc.a(_dvmd_tls.o)
                0x0000000040000200                _edata = .

.bss            0x0000000040000200      0x4a8
                0x0000000040000200                _bss_start = .
 *(.bss)
 .bss           0x0000000040000200        0x0 crt.o
 .bss           0x0000000040000200        0x0 halsys.o
 .bss           0x0000000040000200        0x0 printf.o
 .bss           0x0000000040000200        0x0 console.o
 .bss           0x0000000040000200       0x14 isoc_io_sample.o
                0x0000000040000200                isConnectedFlag
                0x0000000040000204                bDevStat
                0x0000000040000208                delay
 .bss           0x0000000040000214        0x0 armVIC.o
 .bss           0x0000000040000214       0x48 ../usbstack.a(usbhw_lpc.o)
 .bss           0x000000004000025c       0x34 ../usbstack.a(usbcontrol.o)
 .bss           0x0000000040000290        0xc ../usbstack.a(usbstdreq.o)
 .bss           0x000000004000029c        0x8 ../usbstack.a(usbinit.o)
 .bss           0x00000000400002a4        0x0 /opt/cross/lib/gcc/arm-elf/4.2.1/libgcc.a(_udivsi3.o)
 .bss           0x00000000400002a4        0x0 /opt/cross/lib/gcc/arm-elf/4.2.1/libgcc.a(_umodsi3.o)
 .bss           0x00000000400002a4        0x0 /opt/cross/lib/gcc/arm-elf/4.2.1/libgcc.a(_dvmd_tls.o)
 COMMON         0x00000000400002a4      0x404 isoc_io_sample.o
                0x00000000400002a4                outputIsocDataBuffer
                0x00000000400006a4                inputIsocDataBuffer
                0x00000000400006a8                . = ALIGN (0x4)
                0x00000000400006a8                _bss_end = .
                0x00000000400006a8                _end = .
OUTPUT(isoc_io_sample.elf elf32-littlearm)

.ARM.attributes
                0x0000000000000000       0x10
 .ARM.attributes
                0x0000000000000000       0x10 crt.o
 .ARM.attributes
                0x0000000000000010       0x10 halsys.o
 .ARM.attributes
                0x0000000000000020       0x10 printf.o
 .ARM.attributes
                0x0000000000000030       0x10 console.o
 .ARM.attributes
                0x0000000000000040       0x10 isoc_io_sample.o
 .ARM.attributes
                0x0000000000000050       0x10 armVIC.o
 .ARM.attributes
                0x0000000000000060       0x10 ../usbstack.a(usbhw_lpc.o)
 .ARM.attributes
                0x0000000000000070       0x10 ../usbstack.a(usbcontrol.o)
 .ARM.attributes
                0x0000000000000080       0x10 ../usbstack.a(usbstdreq.o)
 .ARM.attributes
                0x0000000000000090       0x10 ../usbstack.a(usbinit.o)
 .ARM.attributes
                0x00000000000000a0       0x10 /opt/cross/lib/gcc/arm-elf/4.2.1/libgcc.a(_udivsi3.o)
 .ARM.attributes
                0x00000000000000b0       0x10 /opt/cross/lib/gcc/arm-elf/4.2.1/libgcc.a(_umodsi3.o)
 .ARM.attributes
                0x00000000000000c0       0x10 /opt/cross/lib/gcc/arm-elf/4.2.1/libgcc.a(_dvmd_tls.o)

.debug_abbrev   0x0000000000000000      0xc70
 .debug_abbrev  0x0000000000000000       0xc9 halsys.o
 .debug_abbrev  0x00000000000000c9      0x158 printf.o
 .debug_abbrev  0x0000000000000221       0xb8 console.o
 .debug_abbrev  0x00000000000002d9      0x19c isoc_io_sample.o
 .debug_abbrev  0x0000000000000475       0xe9 armVIC.o
 .debug_abbrev  0x000000000000055e      0x295 ../usbstack.a(usbhw_lpc.o)
 .debug_abbrev  0x00000000000007f3      0x152 ../usbstack.a(usbcontrol.o)
 .debug_abbrev  0x0000000000000945      0x246 ../usbstack.a(usbstdreq.o)
 .debug_abbrev  0x0000000000000b8b       0xa9 ../usbstack.a(usbinit.o)
 .debug_abbrev  0x0000000000000c34       0x14 /opt/cross/lib/gcc/arm-elf/4.2.1/libgcc.a(_udivsi3.o)
 .debug_abbrev  0x0000000000000c48       0x14 /opt/cross/lib/gcc/arm-elf/4.2.1/libgcc.a(_umodsi3.o)
 .debug_abbrev  0x0000000000000c5c       0x14 /opt/cross/lib/gcc/arm-elf/4.2.1/libgcc.a(_dvmd_tls.o)

.debug_info     0x0000000000000000     0x1f0e
 .debug_info    0x0000000000000000      0x174 halsys.o
 .debug_info    0x0000000000000174      0x352 printf.o
 .debug_info    0x00000000000004c6       0xd2 console.o
 .debug_info    0x0000000000000598      0x2d4 isoc_io_sample.o
 .debug_info    0x000000000000086c      0x2e7 armVIC.o
 .debug_info    0x0000000000000b53      0x8d2 ../usbstack.a(usbhw_lpc.o)
 .debug_info    0x0000000000001425      0x33b ../usbstack.a(usbcontrol.o)
 .debug_info    0x0000000000001760      0x4ba ../usbstack.a(usbstdreq.o)
 .debug_info    0x0000000000001c1a       0xba ../usbstack.a(usbinit.o)
 .debug_info    0x0000000000001cd4       0xbe /opt/cross/lib/gcc/arm-elf/4.2.1/libgcc.a(_udivsi3.o)
 .debug_info    0x0000000000001d92       0xbe /opt/cross/lib/gcc/arm-elf/4.2.1/libgcc.a(_umodsi3.o)
 .debug_info    0x0000000000001e50       0xbe /opt/cross/lib/gcc/arm-elf/4.2.1/libgcc.a(_dvmd_tls.o)

.debug_line     0x0000000000000000      0x961
 .debug_line    0x0000000000000000       0xa0 halsys.o
 .debug_line    0x00000000000000a0      0x100 printf.o
 .debug_line    0x00000000000001a0       0x61 console.o
 .debug_line    0x0000000000000201       0xbf isoc_io_sample.o
 .debug_line    0x00000000000002c0       0x71 armVIC.o
 .debug_line    0x0000000000000331      0x231 ../usbstack.a(usbhw_lpc.o)
 .debug_line    0x0000000000000562       0xd2 ../usbstack.a(usbcontrol.o)
 .debug_line    0x0000000000000634      0x109 ../usbstack.a(usbstdreq.o)
 .debug_line    0x000000000000073d       0x57 ../usbstack.a(usbinit.o)
 .debug_line    0x0000000000000794       0xb0 /opt/cross/lib/gcc/arm-elf/4.2.1/libgcc.a(_udivsi3.o)
 .debug_line    0x0000000000000844       0x99 /opt/cross/lib/gcc/arm-elf/4.2.1/libgcc.a(_umodsi3.o)
 .debug_line    0x00000000000008dd       0x84 /opt/cross/lib/gcc/arm-elf/4.2.1/libgcc.a(_dvmd_tls.o)

.debug_frame    0x0000000000000000      0x654
 .debug_frame   0x0000000000000000       0xa0 halsys.o
 .debug_frame   0x00000000000000a0       0xd8 printf.o
 .debug_frame   0x0000000000000178       0x58 console.o
 .debug_frame   0x00000000000001d0       0x74 isoc_io_sample.o
 .debug_frame   0x0000000000000244       0x70 armVIC.o
 .debug_frame   0x00000000000002b4      0x20c ../usbstack.a(usbhw_lpc.o)
 .debug_frame   0x00000000000004c0       0x98 ../usbstack.a(usbcontrol.o)
 .debug_frame   0x0000000000000558       0x74 ../usbstack.a(usbstdreq.o)
 .debug_frame   0x00000000000005cc       0x38 ../usbstack.a(usbinit.o)
 .debug_frame   0x0000000000000604       0x28 /opt/cross/lib/gcc/arm-elf/4.2.1/libgcc.a(_udivsi3.o)
 .debug_frame   0x000000000000062c       0x28 /opt/cross/lib/gcc/arm-elf/4.2.1/libgcc.a(_umodsi3.o)

.debug_loc      0x0000000000000000     0x1394
 .debug_loc     0x0000000000000000       0x8e halsys.o
 .debug_loc     0x000000000000008e      0x5e4 printf.o
 .debug_loc     0x0000000000000672       0x63 console.o
 .debug_loc     0x00000000000006d5       0x64 isoc_io_sample.o
 .debug_loc     0x0000000000000739       0x72 armVIC.o
 .debug_loc     0x00000000000007ab      0x5ed ../usbstack.a(usbhw_lpc.o)
 .debug_loc     0x0000000000000d98      0x297 ../usbstack.a(usbcontrol.o)
 .debug_loc     0x000000000000102f      0x333 ../usbstack.a(usbstdreq.o)
 .debug_loc     0x0000000000001362       0x32 ../usbstack.a(usbinit.o)

.debug_pubnames
                0x0000000000000000      0x4df
 .debug_pubnames
                0x0000000000000000       0xac halsys.o
 .debug_pubnames
                0x00000000000000ac       0x29 printf.o
 .debug_pubnames
                0x00000000000000d5       0x43 console.o
 .debug_pubnames
                0x0000000000000118       0x8b isoc_io_sample.o
 .debug_pubnames
                0x00000000000001a3       0x6a armVIC.o
 .debug_pubnames
                0x000000000000020d      0x1e8 ../usbstack.a(usbhw_lpc.o)
 .debug_pubnames
                0x00000000000003f5       0x4d ../usbstack.a(usbcontrol.o)
 .debug_pubnames
                0x0000000000000442       0x7f ../usbstack.a(usbstdreq.o)
 .debug_pubnames
                0x00000000000004c1       0x1e ../usbstack.a(usbinit.o)

.debug_aranges  0x0000000000000000      0x180
 .debug_aranges
                0x0000000000000000       0x20 halsys.o
 .debug_aranges
                0x0000000000000020       0x20 printf.o
 .debug_aranges
                0x0000000000000040       0x20 console.o
 .debug_aranges
                0x0000000000000060       0x20 isoc_io_sample.o
 .debug_aranges
                0x0000000000000080       0x20 armVIC.o
 .debug_aranges
                0x00000000000000a0       0x20 ../usbstack.a(usbhw_lpc.o)
 .debug_aranges
                0x00000000000000c0       0x20 ../usbstack.a(usbcontrol.o)
 .debug_aranges
                0x00000000000000e0       0x20 ../usbstack.a(usbstdreq.o)
 .debug_aranges
                0x0000000000000100       0x20 ../usbstack.a(usbinit.o)
 .debug_aranges
                0x0000000000000120       0x20 /opt/cross/lib/gcc/arm-elf/4.2.1/libgcc.a(_udivsi3.o)
 .debug_aranges
                0x0000000000000140       0x20 /opt/cross/lib/gcc/arm-elf/4.2.1/libgcc.a(_umodsi3.o)
 .debug_aranges
                0x0000000000000160       0x20 /opt/cross/lib/gcc/arm-elf/4.2.1/libgcc.a(_dvmd_tls.o)

.debug_ranges   0x0000000000000000      0x130
 .debug_ranges  0x0000000000000000       0x30 halsys.o
 .debug_ranges  0x0000000000000030       0x80 ../usbstack.a(usbhw_lpc.o)
 .debug_ranges  0x00000000000000b0       0x80 ../usbstack.a(usbstdreq.o)

.debug_str      0x0000000000000000      0x9c3
 .debug_str     0x0000000000000000       0xff halsys.o
                                        0x10c (size before relaxing)
 .debug_str     0x00000000000000ff       0x83 printf.o
                                         0xf3 (size before relaxing)
 .debug_str     0x0000000000000182       0x34 console.o
                                         0x88 (size before relaxing)
 .debug_str     0x00000000000001b6      0x14d isoc_io_sample.o
                                        0x209 (size before relaxing)
 .debug_str     0x0000000000000303       0x6e armVIC.o
                                        0x103 (size before relaxing)
 .debug_str     0x0000000000000371      0x419 ../usbstack.a(usbhw_lpc.o)
                                        0x478 (size before relaxing)
 .debug_str     0x000000000000078a       0xab ../usbstack.a(usbcontrol.o)
                                        0x1b6 (size before relaxing)
 .debug_str     0x0000000000000835      0x160 ../usbstack.a(usbstdreq.o)
                                        0x25d (size before relaxing)
 .debug_str     0x0000000000000995       0x2e ../usbstack.a(usbinit.o)
                                         0xb2 (size before relaxing)

.comment        0x0000000000000000       0xa2
 .comment       0x0000000000000000       0x12 halsys.o
 .comment       0x0000000000000012       0x12 printf.o
 .comment       0x0000000000000024       0x12 console.o
 .comment       0x0000000000000036       0x12 isoc_io_sample.o
 .comment       0x0000000000000048       0x12 armVIC.o
 .comment       0x000000000000005a       0x12 ../usbstack.a(usbhw_lpc.o)
 .comment       0x000000000000006c       0x12 ../usbstack.a(usbcontrol.o)
 .comment       0x000000000000007e       0x12 ../usbstack.a(usbstdreq.o)
 .comment       0x0000000000000090       0x12 ../usbstack.a(usbinit.o)
